>ASV_1
CTCGTGTCGTGAGATGTTGGGTTAAGTCCCGCAACGAGCGCAACCCTTGTTCACTGTTGCCAGCACGTTATGGTGGGGACTCAGTGGAGACCGCCGGGGTCAACTCGGAGGAAGGTGGGGATGACGTCAAGTCATCATGCCCCTTATGTCCAGGGCTTCACGCATGCTACAATGGCTGGTACAGAGAGTGGCGAGCCTGTGAGGGTGAGCGAATCTCGGAAAGCCGGTCTCAGTTCGGATTGGGGTCTGCAACTCGACCTCATGAAGTCGGAGTCGCTAGTAATCGCAGATCAGCAACGCTGCGGTGAATA
>ASV_2
CTCGTGTCGTGAGATGTTGGGTTAAGTCCCGCAACGAGCGCAACCCTTATCTTCAGTTGCCAGCACGTAGAGGTGGGAACTCTGGAGAGACTGCCGATGACAAATCGGAGGAAGGTGGGGATGACGTCAAATCATCATGCCCTTTATGTCTTGGGCTACACACGTGCTACAATGGTTGGTACAACGAGAAGCGAGATAGAGATGTTAAGCGAAACTCTAAAAACCAATCTCAGTTCGGATTGTAGGCTGCAACTCGCCTACATGAAGTCGGAGTTGCTAGTAATCGCGAATCAGAATGTCGCGGTGAATG
>ASV_3
CTCGTGTCGTGAGATGTTGGGTTAAGTCCCGCAACGAGCGCAACCCTTGCCCTATGTTGCCAGCACGTGATGGTGGGGACTCGTGGGGGACTGCCGGGGTTAACTCGGAGGAAGGTGGGGATGACGTCAAATCATCATGCCCCTTATGTCTTGGGCTTCACGCATGCTACAATGGTTGGTACAGAGGGTTGCGATACTGTGAGGTGGAGCGAATCCCTTAAAGCCAGTCTCAGTTCGGATTGGGGTCTGCAACTCGACCCCATGAAGGTGGAGTCGCTAGTAATCGCAGATCAGCAACGCTGCGGTGAATA
>ASV_4
CTCGTGTCGTGAGATGTTGGGTTAAGTCCCGCAACGAGCGCAACCCCTTTCGTATGTTACCATCATTAAGTTGGGGACTCATGCGATACTGCCTACGATGAGTAGGAGGAAGGTGGGGATGACGTCAAGTCATCATGCCCCTTATACGCTGGGCTACACACGTGCTACAATGGGTAGAACAGAGAGTTGCAAAGCTGTGAAGTGGAGCTAATCTCAGAAAACTATTCTTAGTTCGGATTGTACTCTGCAACTCGAGTACATGAAGTTGGAATCGCTAGTAATCGCGAATCAGCAATGTCGCGGTGAATA
>ASV_5
CTCGTGTCGTGAGATGTTGGGTTAAGTCCCGCAACGAGCGCAACCCCTATTGTTAGTTGCCATCATTCAGTTGGGCACTCTAGCGAGACTGCCGGTAATAAACCGGAGGAAGGTGGGGATGACGTCAAATCATCATGCCCCTTATGACCTGGGCTACACACGTGCTACAATGGTTGGTACAACGAGTTGCGAGTCGGTGACGGCAAGCTAATCTCTTAAAGCCAATCTCAGTTCGGATTGTAGGCTGCAACTCGCCTACATGAAGTCGGAATCGCTAGTAATCGCGGATCAGCACGCTGCGGTGAATA
>ASV_6
CTCGTGTCGTGAGATGTTGGGTTAAGTCCCGCAACGAGCGCAACCCTTATTGTTAGTTGCCATCATTCAGTTGGGCACTCTAGCGAGACTGCCGGTAATAAACCGGAGGAAGGTGGGGATGACGTCAAATCATCATGCCCCTTATGACCTGGGCTACACACGTGCTACAATGGCTGGTACAACGAGTCGCAAGCCGGTGACGGCAAGCTAATCTCTGAAAGCCAGTCTCAGTTCGGATTGTAGGCTGCAACTCGCCTACATGAAGTCGGAATCGCTAGTAATCGCGGATCAGCACGCCGCGGTGAATA
>ASV_7
CTCGTGTCGTGAGATGTTGGGTTAAGTCCCGCAACGAGCGCAACCCTTGCCCTATGTTGCCAGCACGTGATGGTGGGGACTCGTGGGGGACTGCCGGGGTTAACTCGGAGGAAGGTGGGGATGACGTCAAATCATCATGCCCCTTATGTCTTGGGCTTCACGCATGCTACAATGGTTGGTACAGAGGGTTGCGATATCGTGAGGTGGAGCGAATCCCTTAAAGCCAGTCTCAGTTCGGATTGGGGTCTGCAACTCGACCCCATGAAGGTGGAGTCGCTAGTAATCGCAGATCAGCAACGCTGCGGTGAATA
>ASV_8
CTCGTGTCGTGAGATGTTGGGTTAAGTCCCGCAACGAGCGCAACCCCTATTGTTAGTTGCCATCATTCAGTTGGGCACTCTAGCGAGACTGCCGGTAATAAACCGGAGGAAGGTGGGGATGACGTCAAATCATCATGCCCCTTATGACCTGGGCTACACACGTGCTACAATGGCTGGTACAACGAGTCGCAAGCCGGTGACGGCAAGCTAATCTCTTAAAGCCAGTCTCAGTTCGGATTGTAGGCTGCAACTCGCCTACATGAAGTCGGAATCGCTAGTAATCGCGGATCAGCACGCCGCGGTGAATA
>ASV_9
CTCGTGTCGTGAGATGTTGGGTTAAGTCCCGCAACGAGCGCAACCCTTGTCCTTAGTAGCCAGCAGTCAGATGGGCACTCTAGGGAGACTGCCAGGGATAACCTGGAGGAAGGTGGGGATGACGTCAAATCATCATGCCCCTTATGATTTGGGCTACACACGTGCTACAATGGCGTAAACAAAGTGAAGCGAAACCGCGAGGTCAAGCCAATCACAAAAATAACGTCTCAGTTCGGATTGTAGGCTGCAACTCGCCTACATGAAGCTGGAATCGCTAGTAATCGCAGATCAGCATGCTGCGGTGAATA
>ASV_10
CTCGTGTCGTGAGATGTTGGGTTAAGTCCCGCAACGAGCGCAACCCTTATATCTAGTTGCCAGCAGTAAGATGGGGACTCTAGATAGACTGCCAGTGATAAACTGGAGGAAGGTGGGGATGACGTCAAATCATCATGCCCCTTATGACTTGGGCTACACACGTGCTACAATGGATAGGAACAAAGAGAAGCGAGCTCGCGAGAGTAAGCAAACCTCACAAAACTATTCTCAGTTCGGATTGTAGTCTGCAACTCGACTACATGAAGCTGGAATCGCTAGTAATCGCGAATCAGAATGTCGCGGTGAATA
>ASV_11
CTCGTGTCGTGAGATGTTGGGTTAAGTCCCGCAACGAGCGCAACCCTCGTCCAATGTTGCCAGCGGGTTATGCCGGGGACTCATTGGAGACCGCCGGGGTCAACTCGGAGGAAGGTGGGGATGACGTCAAGTCATCATGCCCCTTATGTCCAGGGCTTCACGCATGCTACAATGGCCGGTACAGTGAGCTGCGAGCCTGTGAGGGTGAGCGAATCTCTAAAAGCCGGTCTCAGTTCGGATTGGGGTCTGCAACTCGACCCCATGAAGTCGGAGTCGCTAGTAATCGCAGATCAGCAACGCTGCGGTGAATA
>ASV_12
CTCGTGTCGTGAGATGTTGGGTTAAGTCCCGCAACGAGCGCAACCCTTGTCATTAGTTGCCATCATTAAGTTGGGCACTCTAGTGAGACTGCCGGGGACAACTCGGAGGAAGGTGGGGATGACGTCAAATCATCATGCCCCTTATGTTCTGGGCTACACACGTGCTACAATGGCTGGTACAAAGAGAAGCAAGACCGCAAGGTGGAGCAAAGCTCAAAAACCAGCCCCAGTTCGGATTGTAGGCTGAAACTCGCCTACATGAAGTCGGAGTTGCTAGTAATCGCAGATCAGAATGCTGCGGTGAATG
>ASV_13
CTCGTGTCGTGAGATGTTGGGTTAAGTCCCGCAACGAGCGCAACCCCTATTGTTAGTTGCCATCATTGAGTTGGGCACTCTAGCGAGACTGCCGGTAATAAACCGGAGGAAGGTGGGGATGACGTCAAATCATCATGCCCCTTATGACCTGGGCTACACACGTGCTACAATGGCTGGTACAACGAGTCGCGAGTCGGTGACGGCAAGCTAATCTCTTAAAGCCAGTCTCAGTTCGGATTGTAGGCTGCAACTCGCCTACATGAAGTCGGAATCGCTAGTAATCGCGGATCAGCACGCCGCGGTGAATA
>ASV_14
CTCGTGTCGTGAGATGTTGGGTTAAGTCCCGCAACGAGCGCAACCCTTATATCTAGTTGCCAGCAGTAAGATGGGGACTCTAGATAGACTGCCAGTGATAAACTGGAGGAAGGTGGGGATGACGTCAAATCATCATGCCCCTTATGACTTGGGCTACACACGTGCTACAATGGATAGGAACAAAGAGAAGCGAGCTCGCGAGAGTCAGCCAACCTCATAAAACTATTCTCAGTTCGGATTGTAGTCTGCAACTCGACTACATGAAGCTGGAATCGCTAGTAATCGCGAATCAGAATGTCGCGGTGAATA
>ASV_15
CTCGTGTCGTGAGATGTTGGGTTAAGTCCCGCAACGAGCGCAACCCTCGTCCAATGTTGCCAGCGGGTTATGCCGGGGACTCATTGGAGACCGCCGGGGTCAACTCGGAGGAAGGTGGGGATGACGTCAAGTCATCATGCCCCTTATGTCCAGGGCTTCACGCATGCTACAATGGCCGGTACAAAGAGCTGCGAGCCTGTGAGGGTGAGCGAATCTCGGAAAGCCGGTCTCAGTTCGGATTGGGGTCTGCAACTCGACCCCATGAAGTCGGAGTCGCTAGTAATCGCAGATCAGCAACGCTGCGGTGAATA
>ASV_16
CTCGTGTCGTGAGATGTTGGGTTAAGTCCCGCAACGAGCGCAACCCTTGTCTTATGTTGCCAGCACTTTGGGTGGGGACTCATGAGAGACTGCCGGGGTTAACTCGGAGGAAGGTGGGGATGACGTCAAATCATCATGCCCTTTATGCCCAGGGCTTCACACATGCTACAATGGTTAGTACAACGCGCTGCGAACCTGTGAGGGTGAGCGAATCGCTGAAAGCTAATCTCAGTTCGGATTGGGGTCTGCAACTCGACCCCATGAAGTCGGAGTCGCTAGTAATCGCAGATCAGCAATGCTGCGGTGAATA
>ASV_17
CTCGTGTCGTGAGATGTTGGGTTAAGTCCCGCAACGAGCGCAACCCCTGTCCCGTGTTGCCAGCGCGTGGTGGCGGGGACTCTCGGGAGACTGCCGGGGTCAACTCGGAGGAGGGTGGGGACGACGTCAAATCATCATGCCCCTGACGTCCTGGGCTTCACGCATGCTACAATGGCCGGTACAGAGGGTTGCGATGCCGTGAGGCGGGGCGAATCCCTTAAAGCCGGTCTCAGTTCGGATCGGTGTCTGCAACTCGACACCGTGAAGTCGGAGTCGCTAGTAATCGCAGATCAGCATTGCTGCGGTGAATA
>ASV_18
CTCGTGTCGTGAGATGTTGGGTTAAGTCCCGCAACGAGCGCAACCCCTATCTTATGTTGCCAGCACTTCGGGTGGGAACTCATGAGAGACTGCCGCAGACAATGCGGAGGAAGGCGGGGATGACGTCAAATCATCATGCCCCTTATGACCTGGGCTACACACGTACTACAATGGGAGTTAATAGACGGAAGCGAAACCGCGAGGTGGAGCAAACCCGAGAAACACTCTCTCAGTTCGGATCGTAGGCTGCAACTCGCCTACGTGAAGTCGGAATCGCTAGTAATCGCAGGTCAGCATACTGCGGTGAATA
>ASV_19
CTCGTGTCGTGAGATGTTGGGTTAAGTCCCGCAACGAGCGCAACCCCTATAGTTAGTAGCCAGCAGTAAGATGGGCACTCTAACTAGACTGCCAGGGATAACCTGGAGGAAGGCGGGGATGACGTCAAATCATCATGCCCCTTATGACTTGGGCTACACACGTGCTACAATGGCGTAAACAAAGGGAAGCAAGAGGGTGACCTTAAGCAAATCTCAAAAATAACGTCTCAGTTCGGACTGTAGTCTGCAACCCGACTACACGAAGCTGGAATCGCTAGTAATCGCAGATCAGCATGCTGCGGTGAATA
>ASV_20
CTCGTGTCGTGAGATGTTGGGTTAAGTCCCGCAACGAGCGCAACCCTTGTCTTATGTTGCCAGCACGTTTTCAGGTGGGGACTCATGAGAGACTGCCGGGGTTAACTCGGAGGAAGGTGGGGATGACGTCAAATCATCATGCCCTTTATGCCCAGGGCTTCACACATGCTACAATGGTTAGTACAACGCGCTGCAAGCCTGTGAGGGTGAGCGAATCGCTGAAAGCTAATCTCAGTTCGGATTGGGGTCTGCAACTCGACCCCATGAAGTCGGAGTCGCTAGTAATCGCAGATCAGCAATGCTGCGGTGAATA
>ASV_21
CTCGTGTCGTGAGATGTTGGGTTAAGTCCCGCAACGAGCGCAACCCTTGCCTTCAGTTACCAGCATTCAGTTGGGGACTCTGGAGGGACTGCCGGTGATAAACCGGAGGAAGGTGGGGATGACGTCAAATCATCATGCCCCTTATGGCCTGGGCTACACACGTACTACAATGGCTGTTACAACGTGCAGCGACCTAGCGATAGGAAGCGAATCACTAAAAGACAGTCTCAGTTCGGATTGAAGTCTGCAACTCGACTTCATGAAGCTGGAATCGCTAGTAATCGCGGATCAGAATGCCGCGGTGAATA
>ASV_22
CTCGTGTCGTGAGATGTTGGGTTAAGTCCCGCAACGAGCGCAACCCCTGTCCCGTGTTGCCAGCGCGTCGTGGCGAGGACTCTCGGGAGACTGCCGGGGTCAACTCGGAGGAGGGTGGGGACGACGTCAAATCATCATGCCCCTGACGTCCTGGGCTTCACGCATGCTACAATGGCCGGTACAGAGGGTTGCGATGCCGCGAGGCGGGGCGAATCCCTTAAAGCCGGTCTCAGTTCGGATCGGTGTCTGCAACTCGACACCGTGAAGTCGGAGTCGCTAGTAATCGCAGATCAGCATTGCTGCGGTGAATA
>ASV_23
CTCGTGTCGTGAGATGTTGGGTTAAGTCCCGCAACGAGCGCAACCCTTATCCTTACTTGCCAGCACTTTGGGTGGGAACTGTAAGGAGACTGCCGGTGACAAACCGGAGGAAGGTGGGGATGACGTCAAGTCATCATGGCCCTTACGGCCTGGGCTACACACGTGCTACAATGGTCGGTACAGACGGTAGCGAAGCCGCGAGGTGGAGCCAATCTGAGAAAGCCGATCGTAGTCCGGATTGCAGTCTGCAACTCGACTGCATGAAGTCGGAATCGCTAGTAATCGCGAATCAGCATGTCGCGGTGAATA
>ASV_24
CTCGTGTCGTGAGATGTTGGGTTAAGTCCCGCAACGAGCGCAACCCCTATTGTTAGTTGCCATCATTTAGTTGGGCACTCTAGCGAGACTGCCGGTAATAAACCGGAGGAAGGTGGGGATGACGTCAAATCATCATGCCCCTTATGACCTGGGCTACACACGTGCTACAATGGCTGGTACAACGAGTCGCAAGCCGGTGACGGCAAGCTAATCTCTTAAAGCCAGTCTCAGTTCGGATTGTAGGCTGCAACTCGCCTACATGAAGTCGGAATCGCTAGTAATCGCGGATCAGCACGCCGCGGTGAATA
>ASV_25
CTCGTGTCGTGAGATGTTGGGTTAAGTCCCGCAACGAGCGCAACCCCTTTCGTATGTTACCATCATTAAGTTGGGGACTCATGCGATACTGCCTGCGATGAGCAGGAGGAAGGTGGGGATGACGTCAAGTCATCATGCCCCTTATACGCTGGGCTACACACGTGCTACAATGGGTAGTACAGAGAGTCGCAAAGCCGTGAGGTGGAGCTAATCTCAGAAAACTATTCTTAGTTCGGATTGTACTCTGCAACTCGAGTACATGAAGTTGGAATCGCTAGTAATCGCGAATCAGCAATGTCGCGGTGAATA
>ASV_26
CTCGTGTCGTGAGATGTTAGGTTAAGTCCTTCAACGAGCGCAACCCTTGTGAATAGTTGTATTTTTCTATTCAGACTGCCCCGGTAACGGGGAGGAAGGAGGGGATGATGTCAGGTCAGTATTTCCCTTACGTCCTGGGCTAGAAACGTAATACAATGGCTAGTACAATGCGCAGCGAAGCCGCGAGGTGAAGCAAATCGCATCAAAGCTAGTCCCAGTTCGGATTGTAGGCTGAAACTCGCCTGCATGAAGTCGGAATCGCTAGTAATCGCAAATCAGCAAGTTGCGGTGAATA
>ASV_27
CTCGTGTCGTGAGATGTTGGGTTAAGTCCCGCAACGAGCGCAACCCCTATTGTTAGTTGCCATCATTCAGTTGGGCACTCTAGCGAGACTGCCGGTAATAAACCGGAGGAAGGTGGGGATGACGTCAAATCATCATGCCCCTTATGACCTGGGCTACACACGTGCTACAATGGCTGGTACAACGAGTCGCGAGTCGGTGACGGCAAGCTAATCTCTTAAAGCCAGTCTCAGTTCGGATTGTAGGCTGCAACTCGCCTACATGAAGTCGGAATCGCTAGTAATCGCGGATCAGCACGCCGCGGTGAATA
>ASV_28
CTCGTGTCGTGAGATGTTGGGTTAAGTCCCGCAACGAGCGCAACCCTTGTCCTTAGTAGCCAGCAGTAAGATGGGGACTCTAAGGAGACAGACGGAGATAATCCGGAGGAAGATGGGGATGACGTCAAATCATCATGCCCCTTATGATTTGGGCTACACACGTGCTACAATGGCGTAAACAAAGAGAAGCAAGAGTGCGAGCTTAAGCAAATCTCAAAAATAACGTCTCAGTTCGGATTGCAGGCTGCAACTCGCCTGCATGAAGCCGGAATCGCTAGTAATCGCAGATCAGCATGCTGCGGTGAATA
>ASV_29
CTCGTGTCGTGAGATGTTGGGTTAAGTCCCGCAACGAGCGCAACCCTTGTTCACTGTTGCCAGCACGTTATGGTGGGGACTCAGTGGAGACTGCCGGGGTCAACTCGGAGGAAGGTGGGGATGACGTCAAGTCATCATGCCCCTTATGTCCAGGGCTTCACGCATGCTACAATGGCTGGTACAAAGAGTTGCGAGCCTGTGAGGGTGAGCGAATCTCGGAAAGCCGGTCTCAGTTCGGATTGGGGTCTGCAACTCGACCTCATGAAGTCGGAGTCGCTAGTAATCGCAGATCAGCAACGCTGCGGTGAATA
>ASV_30
CTCGTGTCGTGAGATGTTGGGTTAAGTCCCGCAACGAGCGCAACCCTCGTTCTATGTTGCCAGCACGTGATGGTGGGGACTCATAGGAGACTGCCGGGGTTAACTCGGAGGAAGGTGGGGATGACGTCAAATCATCATGCCCCTTATGTCTTGGGCTTCACGCATGCTACAATGGCCGGTACAGAGGGTTGCGATACTGTGAGGTGGAGCTAATCCCTAAAAGCCGGTCTCAGTTCGGATTGGGGTCTGCAACTCGACCCCATGAAGTCGGAGTCGCTAGTAATCGCAGATCAGCAACGCTGCGGTGAATA
>ASV_31
CTCGTGTCGTGAGATGTTGGGTTAAGTCCCGCAACGAGCGCAACCCCTATAGTTAGTAGCCAGCAGTAAGATGGGCACTCTAACTAGACTGCCAGGGATAACCTGGAGGAAGGCGGGGATGACGTCAAATCATCATGCCCCTTATGACTTGGGCTACACACGTGCTACAATGGCGTAAACAAAGGGAAGCGAGAGGGTGACCTTAAGCAAATCTCAAAAATAACGTCTCAGTTCGGACTGTAGTCTGCAACCCGACTACACGAAGCTGGAATCGCTAGTAATCGCAGATCAGCATGCTGCGGTGAATA
>ASV_32
CTCGTGTCGTGAGATGTTGGGTTAAGTCCCGCAACGAGCGCAACCCTTGTCGCTAGTTACTAACATTCAGTTGAGGACTCTAGCGAGACTGCCGAGGTCAACTCGGAGGAAGGTGGGGATGACGTCAAATCATCATGCCCCTTATGTTCTGGGCTACACACGTGCTACAATGGTCGGTACAATGAGAGGCAATACTGTGAAGTGGAGCAAATCACCAAAACCGATCCCAGTTCGGATTGTAGGCTGCAACTCGCCTACATGAAGTTGGAGTTGCTAGTAATCGCAGATCAGAATGCTGCGGTGAATG
>ASV_33
CTCGTGTCGTGAGATGTTGGGTTAAGTCCCGCAACGAGCGCAACCCTTGTTCACTGTTGCCAGCACGTTATGGTGGGGACTCAGTGGAGACCGCCGGGGTCAACTCGGAGGAAGGTGGGGATGACGTCAAGTCATCATGCCCCTTATGTCCAGGGCTTCACGCATGCTACAATGGCTGGTACAGAGAGTGGCGAGCCTGTAAGGGTGAGCGAATCTCGGAAAGCCGGTCTCAGTTCGGATTGGGGTCTGCAACTCGACCTCATGAAGTCGGAGTCGCTAGTAATCGCAGATCAGCAACGCTGCGGTGAATA
>ASV_34
CTCGTGTCGTGAGATGTTGGGTTAAGTCCCGCAACGAGCGCAACCCTTGTCCTTAGTAGCCAGCAGTTAGATGGGCACTCTAGGGAGACTGCCAGGGATAACCTGGAGGAAGGTGGGGATGACGTCAAATCATCATGCCCCTTATGATTTGGGCTACACACGTGCTACAATGGCGTAAACAAAGTGAAGCGAAACCGCGAGGTCAAGCGAATCACAAAAATAACGTCTCAGTTCGGATTGTAGGCTGCAACTCGCCTACATGAAGCTGGAATCGCTAGTAATCGCAGATCAGCATGTTGCGGTGAATA
>ASV_35
CTCGTGTCGTGAGATGTTGGGTTAAGTCCCGCAACGAGCGCAACCCTTGTTCACTGTTGCCAGCACGTTATGGTGGGGACTCAGTGGAGACCGCCGGGGTCAACTCGGAGGAAGGTGGGGATGACGTCAAGTCATCATGCCCCTTATGTCCAGGGCTTTACGCATGCTACAATGGCTGGTACAGAGAGTGGCGAGCCTGTGAGGGTGAGCGAATCTCGGAAAGCCGGTCTCAGTTCGGATTGGGGTCTGCAACTCGACCTCATGAAGTCGGAGTCGCTAGTAATCGCAGATCAGCAACGCTGCGGTGAATA
>ASV_36
CTCGTGTCGTGAGATGTTGGGTTAAGTCCCGCAACGAGCGCAACCCCTATGTCTAGTTGCCAGCAGTAAGATGGGGACTCTAGACAGACTGCCAGTGATAAACTGGAGGAAGGCGGGGATGACGTCAAATCATCATGCCCCTTATGACTTGGGCTACACACGTGCTACAATGGATAGGAACAAAGAGAAGCTAACTCGCGAGAGCAAGCAAACCTCATAAAACTATTCTCAGTTCGGATTGTAGTCTGCAACTCGACTACATGAAGCTGGAATCGCTAGTAATCGCGAATCAGAATGTCGCGGTGAATA
>ASV_37
CTCGTGTCGTGAGATGTTGGGTTAAGTCCCGCAACGAGCGCAACCCTTATTGTTAGTTGCCATCATTTAGTTGGGCACTCTAGCGAGACTGCCGGTAATAAACCGGAGGAAGGTGGGGATGACGTCAAATCATCATGCCCCTTATGACCTGGGCTACACACGTGCTACAATGGCTGGTACAACGAGTTGCAAGTCGGTGACGGCAAGCTAATCTCTTAAAGCCAGTCTCAGTTCGGATTGTAGGCTGCAACTCGCCTACATGAAGTCGGAATCGCTAGTAATCGCGGATCAGCACGCCGCGGTGAATA
>ASV_38
CTCGTGTCGTGAGATGTTGGGTTAAGTCCCGCAACGAGCGCAACCCCTTTCGTATGTTACCATCATTAAGTTGGGGACTCATGCGATACTGCCTACGATGAGTAGGAGGAAGGTGGGGATGACGTCAAGTCATCATGCCCCTTATACGCTGGGCTACACACGTGCTACAATGGGTAGAACAGAGAGTTGCAAAGCCGTGAGGTGAAGCTAATCTCAGAAAACTATTCTTAGTTCGGATTGTACTCTGCAACTCGAGTACATGAAGTTGGAATCGCTAGTAATCGCGAATCAGCAATGTCGCGGTGAATA
>ASV_39
CTCGTGCCGTGAGGTGTCAGGTTAAGTCCTATAACGAGCGCAACCCCTGCCATTAGTTGCTAGCGAGTCGAGTCGAGCACTCTAGTGGGACTGCCGGTGCAAACCGTGAGGAAGGTGGGGATGACGTCAAATCATCACGGCCCTTACATCTTGGGCTACACACGTGCTACAATGGTCGTTACAGAGAGCAGCCACTGCGTGAGCAGGCGCGAATCTATAAAGACGATCACAGTTCGGATCGGAGTCTGCAACTCGACTCCGTGAAGCTGGAATCGCTAGTAATCGGATATCAGCCATGATCCGGTGAATA
>ASV_40
CTCGTGCCGTGAGGTGTCGGCTTAAGTGCCATAACGAGCGCAACCCCTTTTTTCAGTTGCCATCAGGTGATGCTGGGCACTCTGGAGATACTGCCACCGTAAGGTGTGAGGAAGGTGGGGATGACGTCAAATCAGCACGGCCCTTACGTCCGGGGCTACACACGTGTTACAATGGCCGGTACAGAGAGTTGGTTGTGTGCAAATACGATCTAATCCTTAAAGCCGGTCCCAGTTCGGACTGGGGTCTGCAACCCGACCCCACGAAGCTGGATTCGCTAGTAATCGCGCATCAGCCATGGCGCGGTGAATA
>ASV_41
CTCGTGTCGTGAGATGTTAGGTTAAGTCCTGCAACGAGCGCAACCCTTATAACTAGTTGCCAATATTAAGTTAGGAACTCTAGTTAGACTGCCGTGGTCAACACGGAGGAAGGTGGGGATGACGTCAAATCATCATGCCCCTTACGTCTTGGGCTACACACGTGCTACAATGGCTATTACAAAGAGTTGCAAGTTGGTAACAGCAAGCTAATCTCAAAAAAATAGTCTCAGTTCGGATTGTGGGCTGCAACCCGCCCACATGAAGTCGGAGTTGCTAGTAATCCCGAATCAGCATGTCGGGGTGAATG
>ASV_42
CTCGTGTCGTGAGATGTTGGGTTAAGTCCCGCAACGAGCGCAACCCTTATTACTAGTTGCCAGCATTGAGTTGGGCACTCTAGTGAGACTGCCGGTGACAAACCGGAGGAAGGTGGGGATGACGTCAAATCATCATGCCCCTTATGACTTGGGCTACACACGTGCTACAATGGATGGTACAACGAGCAGCGAACTCGCGAGGGTAAGCGAATCTCTTAAAGCCATTCTCAGTTCGGATTGTAGGCTGCAACTCGCCTACATGAAGCCGGAATCGCTAGTAATCGCGGATCAGCACGCCGCGGTGAATA
>ASV_43
CTCGTGTCGTGAGATGTTGGGTTAAGTCCCATAACGAGCGCAACCCCTTTTGCTAGTTACCATCATTAAGTTGGGGACTCTAGCAATACTGCCGGTGACAAACCGGAGGAAGGTGGGGATGACGTCAAATCATCATGCCCTTTATGACTTGGGCTACACACGTGCTACAATGGCAGGTACACAGGGCAGCAAGACAGTGATGTTAAGCGAAACTCAAAAAGCCTGTCCCAGTTCGGATTGCACTCTGCAACTCGAGTGCATGAAGTTGGAGTTGCTAGTAATCGTGGATCAGAATGCCGCGGTGAATG
>ASV_44
CTCGTGTCGTGAGATGTTGGGTTAAGTCCCGCAACGAGCGCAACCCTTGTCTTATGTTGCCAGCATTTGGTTGGGGACTCATGAGAGACTGCCGGGGTCAACTCGGAGGAAGGTGGGGATGACGTCAAATCATCATGCCCCTTATGTCCAGGGCTTCACACATGCTACAATGGTCGGTACAACGCGCAGCGACACTGTGAGGTGGAGCGAATCGCTGAAAGCCGGCCTTAGTTCGGATTGGGGTCTGCAACTCGACCCCATGAAGTCGGAGTCGCTAGTAATCGCAGATCAGCAATGCTGCGGTGAATA
>ASV_45
CTCGTGTCGTGAGATGTTGGGTTAAGTCCCGCAACGAGCGCAACCCTTGTCATTAGTTGCTACGAAAGGGCACTCTAATGAGACTGCCGGTGACAAACCGGAGGAAGGTGGGGATGACGTCAGGTCATCATGGCCCTTATGGGTAGGGCTACACACGTCATACAATGGCCGGGACAGAGGGCTGCCAACCCGCGAGGGGGAGCTAATCCCAGAAACCCGGTCGTAGTCCGGATCGTAGTCTGCAACTCGACTGCGTGAAGTCGGAATCGCTAGTAATCGCGGATCAGCTTGCCGCGGTGAATA
>ASV_46
CTCGTGCCGTGAGGTGTCGGCTTAAGTGCCATAACGAGCGCAACCCCTTTCTTCAGTTGCCATCAGGTGATGCTGGGCACTCTGTAGATACTGCCACCGCAAGGTGTGAGGAAGGTGGGGATGACGTCAAATCAGCACGGCCCTTACGTCCGGGGCTACACACGTGTTACAATGGCCGGTACAGAGAGTTGATTTTGTGCAAACACGATCCAATCCTTAAATCCGGTCCCAGTTCGGACTGGGGTCTGCAACCCGACCCCACGAAGCTGGATTCGCTAGTAATCGCGCATCAGCCATGGCGCGGTGAATA
>ASV_47
CTCGTGTCGTGAGATGTTGGGTTAAGTCCCGCAACGAGCGCAACCCTCGTTCTATGTTGCCAGCACGTCATGGTGGGAACTCATGGAATACTGCCGGGGTCAACTCGGAGGAAGGTGAGGATGACGTCAAATCATCATGCCCCTTATGTCTTGGGCTTCACGCATGCTACAATGGCCGGTACAAAGGGCTGCAATACCGCAAGGTGGAGCGAATCCCAAAAAGCCGGTCCCAGTTCGGATTGAGGTCTGCAACTCGACCTCATGAAGTCGGAGTCGCTAGTAATCGCAGATCAGCAACGCTGCGGTGAATA
>ASV_48
CTCGTGTCGTGAGATGTTGGGTTAAGTCCCGCAACGAGCGCAACCCTTGTCTTCAGTTACCATCATTAAGTTGGGGACTCTGGAGAGACTGCCGGTGATAAACCGGAGGAAGGTGGGGATGACGTCAAATCATCATGCCCCTTATGGCCTGGGCTACACACGTACTACAATGGCTATTACAACGTGGAGCGACTGTGCGAACAGAAGCGAATCACTGAAAGATAGTCTCAGTTCGGATTGGAGTCTGCAACTCGACTCCATGAAGTTGGAATCGCTAGTAATCGCGGATCAGCATGCCGCGGTGAATA
>ASV_49
CTCGTGTCGTGAGATGTTTGGTTAAGTCCATCAACGAGCGCAACCCTTGCAACCAGTTGTATTTTTCTGGTAGGACTGCCCCGGTAACGGGGAGGAAGGAGGGGATGATGTCAGGTCAGTATTTCCCTTACGCCTTGGGCTAGAATCGCGCTACAATGGCTGGTACAATGCGAAGCGAAGCAGTGATGTGAAGCAAATCGCACCAAAGCCAGTCCCAGTTCGGATAGAAGGCTGAAACTCGCCTTCTTGAAGTCGGAATCGCTAGTAATCGCAGATCAGCATGTTGCGGTGAATA
>ASV_50
CTCGTGTCGTGAGATGTTGGGTTAAGTCCCGCAACGAGCGCAACCCTTGTCTTATGTTGCCAGCACGTTTGGGTGGGGACTCATGAGAGACTGCCGGGGTTAACTCGGAGGAAGGTGGGGATGACGTCAAATCATCATGCCCTTTATGCCCAGGGCTTCACACATGCTACAATGGTTAGTACAACGCGCGGCAAACCTGTGAGGGTGAGCGAATCGCTGAAAGCTAATCTCAGTTCGGATTGGGGTCTGCAACTCGACCCCATGAAGTCGGAGTCGCTAGTAATCGCAGATCAGCAATGCTGCGGTGAATA
>ASV_51
CTCGTGTCGTGAGATGTTTGGTTAAGTCCATCAACGAGCGCAACCCTTGCAACTAGTTGGATTTTTCTAGTTGGACTGCTTCGGTAACGGAGAGGAAGGAGGGGATGATGTCAGGTCAGTATTTCCCTTACGTCCTGGGCTAGAAACACGATACAATGGCTAGTACAATGCGCAGCAAAGCCGCGAGGTGGAGCAAATCGCATCAAAGCTAGTCCCAGTTCGGATTGGAGGCTGAAACTCGCCTCCATGAAGTCGGAATCGCTAGTAATCGCAGATCAGCAAGCTGCGGTGAATA
>ASV_52
CTCGTGTCGTGAGATGTTGGGTTAAGTCCCGCAACGAGCGCAACCCCTATTGCCGGTAGCCAGCAGGTAAAGCTGGGCACTCCGGCGAGACTGCCCGGGATAACCGGGAGGAAGGCGGGGATGACGTCAAATCATCATGCCCCTTATGATTTGGGCAACACACGTGCTACAATGGCGTTAACAAAGAGAAGCGAGAACGCGAGTTTAAGCAAAGCTCAAAAATAACGTCTCAGTTCGGACTGCAGTCTGCAACTCGACTGCACGAAGCTGGAATTGCTAGTAATCGCGAATCAGCATGTCGCGGTGAATA
>ASV_53
CTCGTGCCGTGAGGTGTCGGCTTAAGTGCCATAACGAGCGCAACCCTTGCCAATAGTTACCAGCATTTAGATGGGGACTCTATTGGGACTGCCACCGTAAGGTGTGAGGAAGGTGGGGATGACGTCAAATCAGCACGGCCCTTACGTCCGGGGCGACACACGTGTTACAATGGGGAGTACAGAGGGTTGCTACACCGCGAGGTGATGCTAATCCCTTAAAACTTTTCTCAGTTCGGATCGGAGTCTGCAACTCGACTCCGTGAAGCTGGATTCGCTAGTAATCGCGCATCAGCCATGGCGCGGTGAATA
>ASV_54
CTCGTGTCGTGAGATGTTAGGTTAAGTCCTGCAACGAGCGCAACCCTCGTCGTATATTGCCAGCGGTTCGGCCGGGCACCTATACGAGACCGCCGGCGTCAAGCCGGAGGAAGGTGGGGACGACGTCAAGTCATCATGCCCCTTATGTCCTGGGCTACACACGTGCTACAATGGCCGGCACAATGAGCTGCCAACCCGCAAGGGCGAGCGAATCTCTAAAGCCGGTCCCAGTTCGGATTGGAGGCTGCAACCCGCCTCCATGAAGTCGGAGTTGCTAGTAATCGCGGATCAGCACGCCGCGGTGAATG
>ASV_55
CTCGTGTCGTGAGATGTTGGGTTAAGTCCCGCAACGAGCGCAACCCCTGTTCTTTGTTGCCATCACGTAAAGGTGGGCACTCAAAGGAGACTGCCGCGGAGAACGCGGAGGAAGGCGGGGATGACGTCAAGTCATCATGCCCCTTATGGTCTGGGCTACACACGTACTACAATGGAACGGACAGAGAGCAGCGAACCCGCGAGGGCAAGCGAACCTCAAAAACCGTTTCCCAGTTCGGATTGCAGGCTGCAACTCGCCTGCATGAAGTCGGAATCGCTAGTAATCGCAGGTCAGCATACTGCGGTGAATA
>ASV_56
CTCGTGTCGTGAGATGTTGGGTTAAGTCCCGCAACGAGCGCAACCCTCGTTCTATGTTGCCAGCACGTGATGGTGGGGACTCATAGGAGACTGCCGGGGTCAACTCGGAGGAAGGTGGGGATGACGTCAAATCATCATGCCCCTTATGTCTTGGGCTTCACGCATGCTACAATGGCCGGTACAGAGGGTTGCGATACTGTGAGGTGGAGCTAATCCCTAAAAGCCGGTCTCAGTTCGGATTGGGGTCTGCAACTCGACCCCATGAAGTCGGAGTCGCTAGTAATCGCAGATCAGCAACGCTGCGGTGAATA
>ASV_57
CTCGTGTCGTGAGATGTTGGGTTAAGTCCCGCAACGAGCGCAACCCCTGTCCCGTGTTGCCAGCACGTCGTGGTGGGGACTCGCGGGAGACTGCCGGGGTCAACTCGGAGGAGGGTGGGGACGACGTCAAATCATCATGCCCCTTATGTCCTGGGCTTCACGCATGCTACAATGGCCGGTACAGAGGGTTGCGATGCCGTGAGGCGGGGCGAATCCCTTAAAGCCGGTCTCAGTTCGGATCGGTGTCTGCAACTCGACACCGTGAAGCTGGAGTCGCTAGTAATCGCGGATCAGCAACGCCGCGGTGAATA
>ASV_58
CTCGTGTCGTGAGATGTTGGGTTAAGTCCCATAACGAGCGCAACCCCTATGGCTAGTTACCATCATTAAGTTGGGGACTCTAGCAATACTGCCGGTGACAAACCGGAGGAAGGTGGGGATGACGTCAAATCATCATGCCCTTTATGACTTGGGCTACACACGTGCTACAATGGCAGGTACAGAGGGCAGCAAGACAGCGATGTTAAGCGAAACTCAAAAAGCCTGTCCCAGTTCGGATTGCACTCTGCAACTCGAGTGCATGAAGTTGGAGTTGCTAGTAATCGTGGATCAGAATGCCACGGTGAATG
>ASV_59
CTCGTGTCGTGAGATGTTGGGTTAAGTCCCGCAACGAGCGCAACCCTTGCGTATAGTAGCCAGCAAGTAAAGTTGGGAACTCTATACGGACTGCCGGGGATAACCCGGAGGAAGGTGGGGATGACGTCAAATCATCATGCCCCTTATGGTCTGGGCTACACACGTGCTACAATGTCGTAACAGAGGGAAGCGAAAGGGTGACCTGAAGCGAATCTCAAAAACAACGACCCAGTTCGGACTGCAGGCTGCAACCCGCCTGCACGAAGCTGGAATCGCTAGTAATCGCGAATCAGCATGTCGCGGTGAATA
>ASV_60
CTCGTGTCGTGAGATGTTGGGTTAAGTCCCGCAACGAGCGCAACCCTTGCCATTAGTTGCCATCATTTAGTTGGGCACTCTAGTGGGACTGCCGGGGAAAACTCGGAGGAAGGTGGGGATGACGTCAAATCATCATGCCCCTTATGTTCTGGGCTACACACGTGCTACAATGGCCGGTACAACAGGCAGCGAACCCGTGAGGGGGAGCGAATCCCAAAAGCCGGTCCCAGTTCGGACTGTAGGCTGCAACTCGCCTACACGAAGTTGGAGTTGCTAGTAATCGCGGATCAGAATGCCGCGGTGAATG
>ASV_61
CTCGTGTCGTGAGATGTTGGGTTAAGTCCCGCAACGAGCGCAACCCTTATTACTAGTTACCAGCATTTCGGATGGGGACTCTAGAAAGACTGCCGATGATAAATCGGAGGAAGGTGGGGATGACGTCAAATCATCATGCCCTATATGCCCTGGGCAACACACGTGCTACAATGGCCGTAACAAAGAGAAGCGAAATCGCAAGGTCAAGCAAACCTCAAAAAGACGGTCTCAGTTCGGATTGTTCTCTGCAACTCGAGAACATGAAGTCGGAGTTGCTAGTAATCGCAGATCAGAATGCTGCGGTGAATG
>ASV_62
CTCGTGTCGTGAGATGTTGGGTTAAGTCCCGCAACGAGCGCAACCCTTGTCTCTAGTTGCTACGAAAGGGCACTCTAGAGAGACTGCCGGTGACAAACCGGAGGAAGGTGGGGATGACGTCAAGTCCTCATGGCCCTTATGGGTAGGGCTTCACACGTCATACAATGGTGCATACAGAGGGTTGCCAAGCCGCGAGGTGGAGCTAATCCCAGAAAATGCATCGTAGTCCGGATCGTAGTCTGCAACTCGACTACGTGAAGCTGGAATCGCTAGTAATCGCGGATCAGCATGCCGCGGTGAATA
>ASV_63
CTCGTGCCGTGAGGTGTCGGCTTAAGTGCCATAACGAGCGCAACCCTTTTCTACGTTTGCCATCGGGTAATGCCGGGAACTCCGTGGATACTGCCGCCGCAAGGCGGAGGAAGGTGGGGATGACGTCAAATCAGCACGGCCCTTACGTCCGGGGCTACACACGTGTTACAATGGTCGGAGCAGCAGGAAGCTACCTGGCGACAGGATGCTGATCCCGAAACCCGGCCTCAGTTCGGACTGGAGTCTGCAACCCGACTCCACGAAGCCGGATTCGCTAGTAATCGCGCATCAGCCATGGCGCGGTGAATA
>ASV_64
CTCGTGTCGTGAGATGTTTGGTTAAGTCCATCAACGAGCGCAACCCTTGTGAATAGTTGAATTTTTCTATTCAGACTGCCCCGGCAACGGGGAGGAAGGAGGGGATGATGTCAGGTCAGTATTTCTCTTACATCCTGGGCTAGAAACGTGATACAATGGCAAGTACAATGCGCAGCGAAGCCGCGAGGTGAAGCAAATCGCACCAAAGCTTGTCCCAGTTCGGATTGGAGGCTGAAACTCGCCTCCATGAAGTCGGAATCGCTAGTAATCGCAGGTCAGCAAACTGCGGTGAATA
>ASV_65
CTCGTGTCGTGAGATGTTGGGTTAAGTCCCGCAACGAGCGCAACCCTTGTCTTTAGTTGCCAGCATTCAGTTGGGCACTCTAGAGAGACTGCCAGGGATAACCTGGAGGAAGGTGGGGATGACGTCAAATCATCATGCCCCTTATGCTTAGGGCTACACACGTGCTACAATGGGTGGTACAGAGGGTTGCCAAACCGTGAGGTGGAGCCAATCCCTTAAAGCCATTCTCAGTTCGGATTGTAGGCTGAAACTCGCCTACATGAAGCTGGAGTTACTAGTAATCGCAGATCAGAATGCTGCGGTGAATG
>ASV_66
CTCGTGCCGTGAGGTGTCGGCTTAAGTGCCATAACGAGCGCAACCCTGACTGTCAGTTGCTAACAGGTTAAGCTGAGGACTCTGGCGGGACTGCCGGCGTAAGCTGTGAGGAAGGTTGGGATGACGTCAAATCAGCACGGCCCTTACATCCGGGGCGACACACGTGTTACAATGGCAGGGACAAAGGGCAGCTACCGAGCGATCGGATGCAAATCTCTAAACCCTGTCTCAGTTCGGATCGGAGTCTGCAACTCGACTCCGTGAAGCTGGATTCGCTAGTAATCGCGCATCAGCCATGGCGCGGTGAATA
>ASV_67
CTCGTGTCGTGAGATGTTGGGTTAAGTCCCGCAACGAGCGCAACCCTTTTCCTTATTTGCCAGCGGGTTAAGCCGGGAACTTTAAGGATACTGCCAGTGACAAACTGGAGGAAGGCGGGGACGACGTCAAGTCATCATGGCCCTTACGACCAGGGCTACACACGTGCTACAATGGTCGGTACAAAGGGTTGCTACCTAGCGATAGGATGCTAATCTCAAAAAGCCGATCGTAGTCCGGATTGGAGTCTGCAACTCGACTCCATGAAGTCGGAATCGCTAGTAATCGCGGATCAGAATGCCGCGGTGAATA
>ASV_68
CTCGTGTCGTGAGATGTTGGGTTAAGTCCCGCAACGAGCGCAACCCCTTTCGTATGTTACCATCATTAAGTTGGGGACTCATGCGATACTGCCTGCGATGAGCAGGAGGAAGGTGGGGATGACGTCAAGTCATCATGCCCCTTATACGCTGGGCTACACACGTGCTACAATGGGTAGAACAGAGAGTTGCAAAGCCGTGAGGTGGAGCTAATCTCAGAAAACTATTCTTAGTTCGGATTGTACTCTGCAACTCGAGTACATGAAGTTGGAATCGCTAGTAATCGCGAATCAGCAATGTCGCGGTGAATA
>ASV_69
CTCGTGCCGTGAGGTGTCGGCTTAAGTGCCATAACGAGCGCAACCCCCGTCTTCAGTTGCCATCGGGTAATGCCGGGCACTCTGGAGATACTGCCACCGCAAGGTGTGAGGAAGGTGGGGATGACGTCAAATCAGCACGGCCCTTACGTCCGGGGCTACACACGTGTTACAATGGCGCATACAGAGAGTAGGTGGCATGCGAATGCCATCCAATCCTTAAAGTGCGTCTCAGTTCGGACTGGGGTCTGCAACCCGACCCCACGAAGCTGGATTCGCTAGTAATCGCGCATCAGCCATGGCGCGGTGAATA
>ASV_70
CTCGTGTCGTGAGATGTTGGGTTAAGTCCCGCAACGAGCGCAACCCTTGTCCCGTGTTGCCAGCGCGTGGTGGCGGGGACTCGCGGGAGACTGCCGGGGTTAACTCGGAGGAGGGTGGGGACGACGTCAAATCATCATGCCCCTTATGTCTTGGGCTTCACGCATGCTACAATGGCCGGTACAGTGGGTTGCGATGTCGTGAGGCGGAGCGGATCCCTTAAAGCCGGTCTCAGTTCGGATCGGTGTCTGCAACTCGACACCGTGAAGCTGGAGTCGCTAGTAATCGCAGATCAGCACTGCTGCGGTGAATA
>ASV_71
CTCGTGTCGTGAGATGTTGGGTTAAGTCCCGCAACGAGCGCAACCCTCGTTCTATGTTGCCAGCACGTTATGGTGGGGACTCATAGGAGACTGCCGGGGTCAACTCGGAGGAAGGTGGGGATGACGTCAAATCATCATGCCCCTTATGTCTTGGGCTTCACGCATGCTACAATGGCCGGTACAGAGGGTTGCGATACTGTGAGGTGGAGCTAATCCCTAAAAGCCGGTCTCAGTTCGGATTGGGGTCTGCAACTCGACCCCATGAAGTCGGAGTCGCTAGTAATCGCAGATCAGCAACGCTGCGGTGAATA
>ASV_72
CTCGTGTCGTGAGATGTTGGGTTAAGTCCCGCAACGAGCGCAACCCCTATCTTATGTTGCCAGCACTTTGGGTGGGAACTCATGAGAGACTGCTGCAGACAATGCGGAGGAAGGCGGGGATGACGTCAAATCATCATGCCCCTTATGACCTGGGCTACACACGTACTACAATGGGAGTTAATAGACGGAAGCGAGATCGCGAGATGGAGCAAACCCGAGAAACACTCTCTCAGTTCGGATCGTAGGCTGCAACTCGCCTACGTGAAGTCGGAATCGCTAGTAATCGCAGGTCAGCATACTGCGGTGAATA
>ASV_73
CTCGTGTCGTGAGATGTTGGGTTAAGTCCCGCAACGAGCGCAACCCTTGCCGTTAGTTGCCATCATTAAGTTGGGCACTCTAATGGGACTGCCGGGGAGAACCCGGAGGAAGGCGGGGATGACGTCAAATCATCATGCCCCTTATGTTCTGGGCTACACACGTGCTACAATGGCCGTCACAGAGGGAAGCGAGAGAGCGATCTTAAGCGAAACCAAAAAGGCGGTCCCAGTTCGGACTGCAGGCTGCAACTCGCCTGCACGAAGCCGGAGTTGCTAGTAATCGCGGATCAGAATGTCGCGGTGAATG
>ASV_74
CTCGTGTCGTGAGATGTTGGGTTAAGTCCCGCAACGAGCGCAACCCTTATCCTTACTTGCCAGCACTTAGGGTGGGAACTGTAAGGAGACTGCCGGTGACAAGCCGGAGGAAGGTGGGGATGACGTCAAGTCATCATGGCCCTTACGGCCTGGGCTACACACGTGCTACAATGGTCGGTACAGACGGTAGCGAAGCCGCGAGGTGGAGCCAATCTGAGAAAGCCGGTCGTAGTCCGGATTGCAGTCTGCAACTCGACTGCATGAAGTCGGAATCGCTAGTAATCGCGAATCAGCATGTCGCGGTGAATA
>ASV_75
CTCGTGTCGTGAGATGTTGGGTTAAGTCCCGCAACGAGCGCAACCCTTGTCGTCAGTAGCCAGCAGTAAGATGGGCACTCTGACGAGACAGCCGGAGATAATCCGGAGGAAGGTGGGGATGACGTCAAATCATCATGCCCCTTATGATTTGGGCTACACACGTGCTACAATGGCGTAAACAAAGTGAAGCAAAGCTGCGAAGCCAAGCAAATCACAAAAATAACGTCTCAGTTCGGATTGTAGTCTGCAACTCGACTATATGAAGCTGGAATCGCTAGTAATCGCAGATCAGAATGCTGCGGTGAATA
>ASV_76
CTCGTGTCGTGAGATGTTGGGTTAAGTCCCGCAACGAGCGCAACCCTTGTCCTTAGTAGCCAGCAGTCAGATGGGCACTCTAGGGAGACTGCCAGGGATAACCTGGAGGAAGGTGGGGATGACGTCAAATCATCATGCCCCTTATGATTTGGGCTACACACGTGCTACAATGGCGTAAACAAAGTGAAGCGAAACCGCGAGGTCAAGCCAATCACAAAAATAACGTCTCAGTTCGGATTGTAGGCTGCAACTCGCCTACATGAAGCTGGAATCGCTAGTAATCGCAGATAAGCATGCTGCGGTGAATA
>ASV_77
CTCGTGTCGTGAGATGTTGGGTTAAGTCCCGCAACGAGCGCAACCCTTGTCTTATGTTGCCAGCACGTTGAGGGTGGGGACTCATGAGAGACTGCCGGGGTTAACTCGGAGGAAGGTGGGGATGACGTCAAATCATCATGCCCTTTATGCCCAGGGCTTCACACATGCTACAATGGTTAGTACAACGCGCTGCAAGCCTGTGAGGGTGAGCGAATCGCTGAAAGCTAATCTCAGTTCGGATTGGGGTCTGCAACTCGACCCCATGAAGTCGGAGTCGCTAGTAATCGCAGATCAGCAATGCTGCGGTGAATA
>ASV_78
CTCGTGTCGTGAGATGTTGGGTTAAGTCCCGCAACGAGCGCAACCCTTGTCTCGTGTTGCCAGCACGTTGTGGTGGGGACTCGCGGGAGACTGCCGGGGTCAACTCGGAGGAAGGTGGGGATGACGTCAAATCATCATGCCCCTTATGTCTTGGGCTTCACGCATGCTACAATGGCCGGTACAGAGGGCTGCGATACCGTGAGGTGGAGCGAATCCCTTAAAGCCGGTCTCAGTTCGGATCGGTGTCTGCAACTCGACACCGTGAAGTTGGAGTCGCTAGTAATCGCAGATCAGCAACGCTGCGGTGAATA
>ASV_79
CTCGTGTCGTGAGATGTTGGGTTAAGTCCCGCAACGAGCGCAACCCCTGTTCTTTGTTGCCAGCATGTAAGGATGGGCACTCAAAGGAGACTGCCGCGGAGAACGCGGAGGAAGGCGGGGATGACGTCAAGTCATCATGCCCCTTATGGTCTGGGCTACACACGTACTACAATGGGACGGACAGAGGGCAGCGAGAGAGTGATCTTAAGCGAATCTCAAAAACCGTTTCTCAGTTCGGATTGCAGGCTGCAACTCGCCTGCATGAAGTCGGAATCGCTAGTAATCGCAGGTCAGCATACTGCGGTGAATA
>ASV_80
CTCGTGTCGTGAGATGTTGGGTTAAGTCCCGCAACGAGCGCAACCCCTATCTTATGTTGCCAGCACATAATGGTGGGAACTCATGAGAGACTGCCGCAGACAATGCGGAGGAAGGCGGGGATGACGTCAAATCATCATGCCCCTTATGACCTGGGCTACACACGTACTACAATGGGAGTTAATAGACGGAAGCGAGATCGCGAGATGGAGCAAACCCGAGAAACACTCTCTCAGTTCGGATCGTAGGCTGCAACTCGCCTACGTGAAGTCGGAATCGCTAGTAATCGCAGGTCAGCATACTGCGGTGAATA
>ASV_81
CTCGTGCCGTGAGGTGTCGGCTTAAGTGCCATAACGAGCGCAACCCCTCTCTTCAGTTGCCATCAGGTAAAGCTGGGCACTCTGGAGACACTGCCACCGTAAGGTGTGAGGAAGGTGGGGATGACGTCAAATCAGCACGGCCCTTACGTCCGGGGCTACACACGTGTTACAATGGCCGGTACAGAGGGATGGTGTAATGCAAATTGCATCAAATCTTGAAAGCCGGTCCCAGTTCGGACTGGGGTCTGCAACCCGACCCCACGAAGCTGGATTCGCTAGTAATCGCGCATCAGCCATGGCGCGGTGAATA
>ASV_82
CTCGTGTCGTGAGATGTTGGGTTAAGTCCCGCAACGAGCGCAACCCCTGTTCTTTGTTGCCAGCATGTAAAGATGGGCACTCAAAGGAGACTGCCGCGGAGAACGCGGAGGAAGGCGGGGATGACGTCAAGTCATCATGCCCCTTATGGTCTGGGCTACACACGTACTACAATGGGACGGACAGAGGGCAGCGAGAGAGTGATCTTAAGCGAATCTCAAAAACCGTTTCTCAGTTCGGATTGCAGGCTGCAACTCGCCTGCATGAAGTCGGAATCGCTAGTAATCGCAGGTCAGCATACTGCGGTGAATA
>ASV_83
CTCGTGTCGTGAGATGTTGGGTTAAGTCCCGCAACGAGCGCAACCCTTGTCTTATGTTGCCAGCACGTTGAGGGTGGGGACTCATGAGAGACTGCCGGGGTTAACTCGGAGGAAGGTGGGGATGACGTCAAATCATCATGCCCTTTATGCCCAGGGCTTCACACATGCTACAATGGTTAGTACAACGCGCTGCGAGCCTGTGAGGGTGAGCGAATCGCTGAAAGCTAATCTCAGTTCGGATTGGGGTCTGCAACTCGACCCCATGAAGTCGGAGTCGCTAGTAATCGCAGATCAGCAATGCTGCGGTGAATA
>ASV_84
CTCGTGCCGTGAGGTGTCGGCTTAAGTGCCATAACGAGCGCAACCCCCGTCTTCAGTTGCCATCGGATGATGCCGGGCACTCTGGAGATACTGCCACCGCAAGGTGTGAGGAAGGTGGGGATGACGTCAAATCAGCACGGCCCTTACGTCCGGGGCTACACACGTGTTACAATGGCGCATACAGAGAGTCGGTGGCATGCGAGTGCCATCCAATCCTTAAAGTGCGTCTCAGTTCGGACTGGGGTCTGCAACCCGACCCCACGAAGCTGGATTCGCTAGTAATCGCGCATCAGCCATGGCGCGGTGAATA
>ASV_85
CTCGTGTCGTGAGATGTTGGGTTAAGTCCCGCAACGAGCGCAACCCTTGCCCTATGTTGCCAGCACGTTGTGGTGGGGACTCGTGGGGGACTGCCGGGGTTAACTCGGAGGAAGGTGGGGATGACGTCAAATCATCATGCCCCTTATGTCTTGGGCTTCACGCATGCTACAATGGTTGGTACAGAGGGTTGCGATATCGTGAGGTGGAGCGAATCCCTTAAAGCCAGTCTCAGTTCGGATTGGGGTCTGCAACTCGACCCCATGAAGGTGGAGTCGCTAGTAATCGCAGATCAGCAACGCTGCGGTGAATA
>ASV_86
CTCGTGTCGTGAGATGTTGGGTTAAGTCCCGCAACGAGCGCAACCCCTATTTTTAGTAGCCAGCGGTTCGGCCGGGCACTCTAGAAAGACTGCCGAGGATAACTCGGAGGAAGGCGGGGATGACGTCAAATCATCATGCCCCTTATGACCGGGGCTACACACGTGCTACAATGGCAGTTACAGAGGGAAGCGAAGATGTGAATCGGAGCAAATCTCAGAAAGGCTGCCTCAGTTCGGATTGTAGTCTGCAACTCGACTACATGAAGCTGGAATCGCTAGTAATCGCAAATCAGAATGTTGCGGTGAATA
>ASV_87
CTCGTGTCGTGAGATGTTGGGTTAAGTCCCGCAACGAGCGCAACCCTTAAGCTTAGTTGCCATCATTAAGTTGGGCACTCTAAGTTGACTGCCGGTGACAAACCGGAGGAAGGTGGGGATGACGTCAAATCATCATGCCCCTTATGATTTGGGCTACACACGTGCTACAATGGACAATACAAAGGGCAGCGAAACCGCGAGGTCAAGCAAATCCCATAAAGCTGTTCTCAGTTCGGATTGTAGTCTGCAACTCGACTACATGAAGCTGGAATCGCTAGTAATCGTAGATCAGCATGCTACGGTGAATA
>ASV_88
CTCGTGTCGTGAGATGTTGGGTTAAGTCCCGCAACGAGCGCAACCCTTATTGTTAGTTGCCATCATTCAGTTGGGCACTCTAGCGAGACTGCCGGTAATAAACCGGAGGAAGGTGGGGATGACGTCAAATCATCATGCCCCTTATGACCTGGGCTACACACGTGCTACAATGGCTGGTACAACGAGTCGCAAGTCGGTGACGGCAAGCTAATCTCTTAAAGCCAGTCTCAGTTCGGATTGTAGGCTGCAACTCGCCTACATGAAGTCGGAATCGCTAGTAATCGCGGATCAGCACGCCGCGGTGAATA
>ASV_89
CTCGTGTCGTGAGATGTTGGGTTAAGTCCCGCAACGAGCGCAACCCTTGTCGCTAGTTACTAACATTCAGTTGAGGACTCTAGCGAGACTGCCGAGGTCAACTCGGAGGAAGGTGGGGATGACGTCAAATCATCATGCCCCTTATGTTCTGGGCTACACACGTGCTACAATGGTCGGTACAATGAGATGCAATACTGCGAAGTGGAGCGAAACACCAAAACCGATCCCAGTTCGGATTGTAGGCTGCAACTCGCCTACATGAAGTCGGAGTTGCTAGTAATCGCAGATCAGAATGCTGCGGTGAATG
>ASV_90
CTCGTGTCGTGAGATGTTGGGTTAAGTCCCGCAACGAGCGCAACCCCTGTTCTTTGTTGCCATCAGGTAGAGCTGGGCACTCAAAGGAGACTGCCGCGGAGAACGCGGAGGAAGGCGGGGATGACGTCAAGTCATCATGCCCCTTATGGTCTGGGCTACACACGTACTACAATGGAACGGACAGAGAGCAGCGAACCCGCGAGGGCAAGCGAACCTCAAAAACCGTTTCCCAGTTCGGATTGCAGGCTGCAACTCGCCTGCATGAAGTCGGAATCGCTAGTAATCGCAGGTCAGCATACTGCGGTGAATA
>ASV_91
CTCGTGTCGTGAGATGTTGGGTTAAGTCCCGCAACGAGCGCAACCCTTGTCTTATGTTGCCAGCACGTTTTGGTGGGGACTCATGAGAGACTGCCGGGGTTAACTCGGAGGAAGGTGGGGATGACGTCAAATCATCATGCCCTTTATGCCCAGGGCTTCACACATGCTACAATGGTTAGTACAACGCGCTGCGAGCCTGTGAGGGTGAGCGAATCGCTGAAAGCTAATCTCAGTTCGGATTGGGGTCTGCAACTCGACCCCATGAAGTCGGAGTCGCTAGTAATCGCAGATCAGCAATGCTGCGGTGAATA
>ASV_92
CTCGTGTCGTGAGATGTTGGGTTAAGTCCCGCAACGAGCGCAACCCCTATTTTTAGTAGCCAGCGGTTAGGCCGGGCACTCTAAAGAGACTGCCGAGGATAACTCGGAGGAAGGCGGGGATGACGTCAAATCATCATGCCCCTTATGACCGGGGCTACACACGTGCTACAATGGCAGTTACAGAGGGAAGCGAAGACGTGAGTCGGAGCAAATCTCAGAAAGGCTGCCTCAGTTCGGATTGTAGTCTGCAACTCGACTACATGAAGCTGGAATCGCTAGTAATCGCGAATCAGAATGTCGCGGTGAATA
>ASV_93
CTCGTGTCGTGAGATGTTGGGTTAAGTCCCGCAACGAGCGCAACCCCTGTCCCGTGTTGCCAGCACGTTGTGGTGGGGACTCGCGGGAGACTGCCGGGGTCAACTCGGAGGAGGGTGGGGATGACGTCAAATCATCATGCCCCTTATGTCTTGGGCTTCACGCATGCTACAATGGCCGGTACAGAGGGCTGCGATGCCGTGAGGTGGAGCGAATCCCTTAAAGCCGGTCTCAGTTCGGATCGGTGTCTGCAACTCGACACCGTGAAGTTGGAGTCGCTAGTAATCGCAGATCAGCAACGCTGCGGTGAATA
>ASV_94
CTCGTGTCGTGAGATGTTGGGTTAAGTCCCGCAACGAGCGCAACCCTTATATCTAGTTGCCAGCAGTAAGATGGGGACTCTAGATAGACTGCCAGTGATAAACTGGAGGAAGGTGGGGATGACGTCAAATCATCATGCCCCTTATGACTTGGGCTATACACGTGCTACAATGGATAGGAACAAAGAGAAGCGAGCTCGCGAGAGTAAGCAAACCTCACAAAACTATTCTCAGTTCGGATTGTAGTCTGCAACTCGACTACATGAAGCTGGAATCGCTAGTAATCGCGAATCAGAATGTCGCGGTGAATA
>ASV_95
CTCGTGCCGTGAGGTGTCAGGTTAAGTCCTATAACGAGCGCAACCCCTGCCATTAGTTGCTAGCGAGTCAAGTCGAGCACTCTAGTGGGACTGCCGGTGCAAACCGTGAGGAAGGTGGGGATGACGTCAAATCATCACGGCCCTTACATCTTGGGCTACACACGTGCTACAATGGTCGTTACAGAGAGCAGCCACTGCGTGAGCAGGCGCGAATCTATAAAGACGATCACAGTTCGGATCGGAGTCTGCAACTCGACTCCGTGAAGCTGGAATCGCTAGTAATCGGATATCAGCCATGATCCGGTGAATA
>ASV_96
CTCGTGTCGTGAGATGTTTGGTTAAGTCCATCAACGAGCGCAACCCTTGCAACCAGTTGTATTTTTCTGGTAGGACTGCCCCGGTAACGGGGAGGAAGGAGGGGATGATGTCAGGTCAGTATTTCCCTTACGCCTTGGGCTAGAATCGCGCTACAATGGCCGGTACAATGCGAAGCGAAGCAGTGATGTGAAGCAAATCGCACCAAAGCCGGTCCCAGTTCGGATAAAAGGCTGAAACTCGCCTTTTTGAAGTCGGAATCGCTAGTAATCGCAGATCAGCATGTTGCGGTGAATA
>ASV_97
CTCGTGCCGTGAGGTGTCGGCTTAAGTGCCATAACGAGCGCAACCCCTTTTTTCAGTTGCCATCGGGTGATGCCGGGCACTCTGAAGATACTGCCACCGTAAGGTGTGAGGAAGGTGGGGATGACGTCAAATCAGCACGGCCCTTACGTCCGGGGCTACACACGTGTTACAATGGCGCATACAGATTGTTGGTTGTATGTAAATACGATCTAATCTTGAAAGTGCGTCTCAGTTCGGACTGGGGTCTGCAACCCGACCCCACGAAGCTGGATTCGCTAGTAATCGCGCATCAGCCATGGCGCGGTGAATA
>ASV_98
CTCGTGTCGTGAGATGTTGGGTTAAGTCCCATAACGAGCGCAACCCCTTTTTCTAGTTACCATCATTAAGTTGGGGACTCTAGCAAAACTGCCGGTGACAAACCGGAGGAAGGTGGGGATGACGTCAAATCATCATGCCCTTTATGACTTGGGCTACACACGTGCTACAATGGCAGGTACACAGGGCAGCGAAACTGCGAAGTCAAGCGAAACCCAAAAAGCCTGTCCCAGTTCGGATTGCACTCTGCAACTCGAGTGCATGAAGTTGGAGTTGCTAGTAATCGTGAATCAGAATGTCGCGGTGAATG
>ASV_99
CTCGTGCCGTGAGGTGTCGGCTTAAGTGCCATAACGAGCGCAACCCTTGCCAATAGTTACCAGCATTCAGATGGGGACTCTATTGGGACTGCCACCGTAAGGTGCGAGGAAGGTGGGGATGACGTCAAATCAGCACGGCCCTTACGTCCGGGGCGACACACGTGTTACAATGGGGAGTACAGAGGGTTGCTACACCGCGAGGTGATGCTAATCCCTTAAAACTTTTCTCAGTTCGGATCGGAGTCTGCAACTCGACTCCGTGAAGCTGGATTCGCTAGTAATCGCGCATCAGCCATGGCGCGGTGAATA
>ASV_100
CTCGTGTCGTGAGATGTTGGGTTAAGTCCCGCAACGAGCGCAACCCCTTTCGTATGTTACCATCATTAAGTTGGGGACTCATGCGATACTGCCTACGATGAGTAGGAGGAAGGTGGGGATGACGTTAAGTCATCATGCCCCTTATACGCTGGGCTACACACGTGCTACAATGGGTAGAACAGAGAGTTGCAAAGCTGTGAAGTGGAGCTAATCTCAGAAAACTATTCTTAGTTCGGATTGTACTCTGCAACTCGAGTACATGAAGTTGGAATCGCTAGTAATCGCGAATCAGCAATGTCGCGGTGAATA
>ASV_101
CTCGTGTCGTGAGATGTTGGGTTAAGTCCCGCAACGAGCGCAACCCTTGTCCTTAGTTGCTACGCAAGAGCACTCTAAGGAGACTGCCGGTGACAAACCGGAGGAAGGTGGGGATGACGTCAAGTCCTCATGGCCCTTATGGGTAGGGCTTCACACGTCATACAATGGTCGGAACAGAGGGTTGCCAACCCGCGAGGGGGAGCTAATCCCAGAAAACCGATCGTAGTCCGGATTGCACTCTGCAACTCGAGTGCATGAAGCTGGAATCGCTAGTAATCGCGGATCAGCATGCCGCGGTGAATA
>ASV_102
CTCGTGTCGTGAGATGTTGGGTTAAGTCCCGCAACGAGCGCAACCCTTATCTTCAGTTACCAGCATGTAATGATGGGGACTCTGGAGAGACTGCCGATGACAAATCGGAGGAAGGTGGGGATGACGTCAAATCATCATGCCCTTTATGTCTTGGGCTACACACGTGCTACAATGGTTGGTACAACGAGAAGCTAGACAGTGATGTTAAGCAAAACTCTAAAAACCAATCTCAGTTCGGATTGTAGGCTGCAACTCGCCTACATGAAGTCGGAGTTGCTAGTAATCGCGAATCAGAATGTCGCGGTGAATG
>ASV_103
CTCGTGCCGTGAGGTGTCGGCTTAAGTGCCATAACGAGCGCAACCCCTTTCTTCAGTTGCCATCAGGTAATGCTGGGCACTCTGGAGATACTGCCACCGCAAGGTGTGAGGAAGGTGGGGATGACGTCAAATCAGCACGGCCCTTACGTCCGGGGCTACACACGTGTTACAATGGCCGGTACAGAGAGTTGGTTGTGTGCAAACACGATCTAATCCTTAAATCCGGTCCCAGTTCGGACTGGGGTCTGCAACCCGACCCCACGAAGCTGGATTCGCTAGTAATCGCGCATCAGCCATGGCGCGGTGAATA
>ASV_104
CTCGTGCCGTGAGGTGTCGGCTTAAGTGCCATAACGAGCGCAACCCCTCTCTTCAGTTGCCATCAGGTAATGCTGGGCACTCTGGAGACACTGCCACCGTAAGGTGTGAGGAAGGTGGGGATGACGTCAAATCAGCACGGCCCTTACGTCCGGGGCTACACACGTGTTACAATGGCCGGTACAGAGGGATGGTGTAATGCAAATTGCATCAAATCTTGAAAGCCGGTCCCAGTTCGGACTGGGGTCTGCAACCCGACCCCACGAAGCTGGATTCGCTAGTAATCGCGCATCAGCCATGGCGCGGTGAATA
>ASV_105
CTCGTGTCGTGAGATGTTGGGTTAAGTCCCGCAACGAGCGCAACCCCTGTTCTTTGTTGCCATCACGTTATGGTGGGCACTCAAAGGAGACTGCCGCGGAGAACGCGGAGGAAGGCGGGGATGACGTCAAGTCATCATGCCCCTTATGGTCTGGGCTACACACGTACTACAATGGAACGGACAGAGAGCAGCGAACCCGCGAGGGCAAGCGAACCTCAAAAACCGTTTCCCAGTTCGGATTGCAGGCTGCAACTCGCCTGCATGAAGTCGGAATCGCTAGTAATCGCAGGTCAGCATACTGCGGTGAATA
>ASV_106
CTCGTGTCGTGAGATGTTGGGTTAAGTCCCGCAACGAGCGCAACCCTCGTCCAATGTTGCCAGCTGGTTATGCCGGGGACTCATTGGAGACCGCCGGGGTCAACTCGGAGGAAGGTGGGGATGACGTCAAGTCATCATGCCCCTTATGTCCAGGGCTTCACGCATGCTACAATGGCCGGTACAGTGAGCTGCGAGCCTGTGAGGGTGAGCGAATCTCTAAAAGCCGGTCTCAGTTCGGATTGGGGTCTGCAACTCGACCCCATGAAGTCGGAGTCGCTAGTAATCGCAGATCAGCAACGCTGCGGTGAATA
>ASV_107
CTCGTGCCGTGAGGTGTCGGCTTAAGTGCCATAACGAGCGCAACCCCCTTTCCCAGTTGCCATCGGGTGATGCCGGGCACTCTGGGGACACTGCCACCGCAAGGTGCGAGGAAGGTGGGGATGACGTCAAATCAGCACGGCCCTTACGTCCGGGGCTACACACGTGTTACAATGGCCGGTACAGAGGGACGGTGCAATGCAAGTTGCATCCAATCTTGAAATCCGGTCCCAGTTCGGACTGGGGTCTGCAACCCGACCCCACGAAGCTGGATTCGCTAGTAATCGCGCATCAGCCATGGCGCGGTGAATA
>ASV_108
CTCGTGCCGTGAGGTGTCGGCTTAAGTGCCATAACGAGCGCAACCCTTTTCTACGTTTGCCATCGGGTAATGCCGGGAACTCCGTGGATACTGCCGCCGCAAGGCGGAGGAAGGTGGGGATGACGTCAAATCAGCACGGCCCTTACGTCCGGGGCTACACACGTGTTACAATGGTCGGAGCAGCAGGAAGCTACCTGGCAACAGGATGCTGATCCCAAAACCCGGCCTCAGTTCGGACTGGAGTCTGCAACCCGACTCCACGAAGCCGGATTCGCTAGTAATCGCGCATCAGCCATGGCGCGGTGAATA
>ASV_109
CTCGTGCCGTGAGGTGTTGGGTTAAGTCCCGCAACGAGCGCAACCCCTACTGCCGGTTACTAACAGGTAGCGCTGAGGACTCAGGCGGAACTGCCTGCGACAAGCAGGAGGAAGGCGGGGACGACGTCAAGTCATCATGGCCCTTATGTCCAGGGCTACACACGTGCTACAATGGCCGCCACAGAGCGGAGCGAAGCCGAGAGGCGGAGCAGAACGCAGAAAAGCGGTCGTAGTCCGGATTGAAGTCTGAAACTCGACTTCATGAAGCTGGAATCGCTAGTAACCGCACATCAGCACGGCGCGGTGAATA
>ASV_110
CTCGTGCCGTGAGGTGTCGGCTTAAGTGCCATAACGAGCGCAACCCCCTTTCCCAGTTGCCATCGGGTTATGCCGGGCACTCTGGGGACACTGCCACCGCAAGGTGCGAGGAAGGTGGGGATGACGTCAAATCAGCACGGCCCTTACGTCCGGGGCTACACACGTGTTACAATGGCCGGTACAGAGGGACGGTGTAACGCAAGTTGCATCCAATCTTGAAATCCGGTCCCAGTTCGGACTGGGGTCTGCAACCCGACCCCACGAAGCTGGATTCGCTAGTAATCGCGCATCAGCCATGGCGCGGTGAATA
>ASV_111
CTCGTGTCGTGAGATGTTGGGTTAAGTCCCGCAACGAGCGCAACCCTTGTCATTAGTTGCCATCATTTAGTTGGGCACTCTAATGAGACTGCCGGTGACAAGCCGGAGGAAGGTGGGGATGACGTCAAGTCCTCATGGCCCTTATGACCAGGGCTTCACACGTCATACAATGGTCGGTACAGAGGGTAGCCAAGCCGCGAGGTGGAGCCAATCTCACAAAACCGATCGTAGTCCGGATTGCACTCTGCAACTCGAGTGCATGAAGTCGGAATCGCTAGTAATCGCAGGTCAGCATACTGCGGTGAATA
>ASV_112
CTCGTGTCGTGAGATGTTGGGTTAAGTCCCGCAACGAGCGCAACCCTTATCTTCAGTTGCCAGCACGTAGAGGTGGGAACTCTGGAGAGACTGCCGATGACAAATCGGAGGAAGGTGGGGATGACGTCAAATCATCATGCCCTTTATGTCTTGGGCTACACACGTGCTACAATGGTTGGTACAACGAGAAGCTAGACAGTGATGTTAAGCAAAACTCTAAAAACCAATCTCAGTTCGGATTGTAGGCTGCAACTCGCCTACATGAAGTCGGAGTTGCTAGTAATCGCGAATCAGAATGTCGCGGTGAATG
>ASV_113
CTCGTGTCGTGAGATGTTGGGTTAAGTCCCGTAACGAGCGCAACCCCTATGGCTAGTTGCTAACATTAAGTTGAGGACTCTAGCAAGACTGCCGTTGTTAAAACGGAGGAAGGTGGGGACGACGTCAAATCATCATGCCCTTTATGTCCTGGGCTACACACGTACTACAATGGGTAAGACAGAGGGAAGCGAAAGTGCGAATTGGAGCAAAACCCTAAACTTATTCTCAGTTCGGATTGGAGTCTGAAATTCGGCTCCATGAAGCTGGAATTGCTAGTAATGGCAGGTCAGCATACTGCCGTGAATA
>ASV_114
CTCGTGTTGTGAAATGTTGGGTTAAGTCCCGCAACGAGCGCAACCCTTATCCTTTGTTGCCAGCGATTCGGTCGGGAACTCAAAGGAGACTGCCGGTGATAAACCGGAGGAAGGTGGGGATGACGTCAAGTCATCATGGCCCTTACGAGTAGGGCTACACACGTGCTACAATGGCGTATACAGAGGGCGACGAAGCCGCGAGGTGGAGTGAATCTCACAAAGTACGTCTAAGTCCGGATTGGAGTCTGCAACTCGACTCCATGAAGTCGGAATCGCTAGTAATCGCGAATCAGAATGTCGCGGTGAATA
>ASV_115
CTCGTGTCGTGAGATGTTGGGTTAAGTCCCGCAACGAGCGCAACCCCTATTGTTAGTTGCCATCATTCAGTTGGGCACTCTAGCGAGACTGCCGGTAATAAACCGGAGGAAGGTGGGGATGACGTCAAATCATCATGCCCCTTATGACCTGGGCTACACACGTGCTACAATGGTTGGTACAACGAGTTGCGAGTCGGTGACGGCAAGCTAATCTCTTAAAGCCAATCTCAGTTCGGATTGTAGGCTGCAACTCGCCTACATGAAGTCGGAATCGCTAGTAATCGCGGATCAGCACGCCGCGGTGAATA
>ASV_116
CTCGTGTCGTGAGATGTTGGGTTAAGTCCCGCAACGAGCGCAACCCCTGTTCTTTGTTGCCAGCATGTAAAGGTGGGCACTCAAAGGAGACTGCCGCGGAGAACGCGGAGGAAGGCGGGGATGACGTCAAGTCATCATGCCCCTTATGGTCTGGGCTACACACGTACTACAATGGGACGGACAGAGGGCAGCGAGAGAGTGATCTTAAGCGAATCTCAAAAACCGTTTCTCAGTTCGGATTGCAGGCTGCAACTCGCCTGCATGAAGTCGGAATCGCTAGTAATCGCAGGTCAGCATACTGCGGTGAATA
>ASV_117
CTCGTGTCGTGAGATGTTGGGTTAAGTCCCGCAACGAGCGCAACCCTCGTTCTATGTTGCCAGCACGTAATGGTGGGAACTCATGGAATACTGCCGGGGTCAACTCGGAGGAAGGTGAGGATGACGTCAAATCATCATGCCCCTTATGTCTTGGGCTTCACGCATGCTACAATGGCCGGTACAATGGGCTGCAATACCGCAAGGTGGAGCGAATCCCAAAAAGCCGGTCCCAGTTCGGATTGAGGTCTGCAACTCGACCTCATGAAGTCGGAGTCGCTAGTAATCGCAGATCAGCAACGCTGCGGTGAATA
>ASV_118
CTCGTGTCGTGAGATGTTGGGTTAAGTCCCGCAACGAGCGCAACCCCTTTCGTATGTTACCATCATTAAGTTGGGGACTCATGCGATACTGCCTGCGATGAGCAGGAGGAAGGTGGGGATGACGTCAAGTCATCATGCCCCTTATATGCTGGGCTACACACGTGCTACAATGGGTAGTACAGAGAGTCGCAAAGCCGTGAGGTGGAGCTAATCTCAGAAAACTATTCTTAGTTCGGATTGTACTCTGCAACTCGAGTACATGAAGTTGGAATCGCTAGTAATCGCGAATCAGCAATGTCGCGGTGAATA
>ASV_119
CTCGTGTCGTGAGATGTTGGGTTAAGTCCCGCAACGAGCGCAACCCCTATTGTTAGTTGCCATCATTTAGTTGGGCACTCTAGCGAGACTGCCGGTAATAAACCGGAGGAAGGTGGGGATGACGTCAAATCATCATGCCCCTTATGACCTGGGCTACACACGTGCTACAATGGCTGGTACAACGAGTCGCAAGTCGGTGACGACAAGCTAATCTCTTAAAGCCAGTCTCAGTTCGGATTGTAGGCTGCAACTCGCCTACATGAAGTCGGAATCGCTAGTAATCGCGGATCAGCACGCCGCGGTGAATA
>ASV_120
CTCGTGCCGTGAGGTGTCGGCTTAAGTGCCATAACGAGCGCAACCCTTCTCCTCGGTTGCCATCGGGTAATGCCGGGCACTCCGTGGACACTGCCATCGTAAGATGTGAGGAAGGTGGGGATGACGTCAAATCAGCACGGCCCTTACGTCCGGGGCTACACACGTGTTACAATGGGGGGTACAGAAGGCCGCTACCCGGCGACGGGATGCTAATCTTTAAAACCTCTCTCAGTTCGGATCGGAGTCTGCAACCCGACTCCGTGAAGCTGGATTCGCTAGTAATCGCGCATCAGCCATGGCGCGGTGAATA
>ASV_121
CTCGTGTCGTGAGATGTTGGGTTAAGTCCCGCAACGAGCGCAACCCTTTTCCTTACTTGCCAGCATTTCGGATGGGAACTTTAAGGATACTGCCAGTGACAAACTGGAGGAAGGCGGGGACGACGTCAAGTCATCATGGCCCTTACGGCCAGGGCTACACACGTGCTACAATGGTCGGTACAAAGGGTTGCTACACAGCGATGTGATGCTAATCTCAAAAAGCCGATCGTAGTCCGGATTGGAGTCTGCAACTCGACTCCATGAAGTCGGAATCGCTAGTAATCGCGGATCAGAATGCCGCGGTGAATA
>ASV_122
CTCGTGTCGTGAGATGTTGGGTTAAGTCCCGCAACGAGCGCAACCCTTGTCCTTAGTAGCCAGCAGTAAGATGGGGACTCTAAGGAGACAGACGGAGATAATCTGGAGGAAGATGGGGATGACGTCAAATCATCATGCCCCTTATGATTTGGGCTACACACGTGCTACAATGGCGTAAACAAAGAGAAGCAAGAGTGCGAGCTTAAGCAAATCTCAAAAATAACGTCTCAGTTCGGATTGCAGGCTGCAACTCGCCTGCATGAAGCCGGAATCGCTAGTAATCGCAGATCAGCATGCTGCGGTGAATA
>ASV_123
CTCGTGCCGTGAGGTGTCGGCTTAAGTGCCATAACGAGCGCAACCCCTGTCTTTAGTTGCCATCAGGTTAAGCTGGGCACTCTGGAGATACTGCCACCGTAAGGTGTGAGGAAGGTGGGGATGACGTCAAATCAGCACGGCCCTTACGTCCGGGGCTACACACGTGTTACAATGGCCGGTACAGAGGGACGGTGTAATGTAAATTGCATCTAATCTTGAAAGCCGGTCCCAGTTCGGACTGGGGTCTGCAACCCGACCCCACGAAGCTGGATTCGCTAGTAATCGCGCATCAGCCATGGCGCGGTGAATA
>ASV_124
CTCGTGTCGTGAGATGTTGGGTTAAGTCCCGTAACGAGCGCAACCCCTATGGCTAGTTGCTAACATTAAGTTGAGGACTCTAGCAAAACTGCCGTTGTTAAAACGGAGGAAGGTGGGGACGACGTCAAATCATCATGCCCTTTATGTCCTGGGCTACACACGTACTACAATGGGTAAGACAGAGGGAAGCGAAAGTGCGAATTGGAGCAAAACCCTAAACTTATTCTCAGTTCGGATTGGAGTCTGAAATTCGGCTCCATGAAGCTGGAATTGCTAGTAATGGCAGGTCAGCATACTGCCGTGAATA
>ASV_125
CTCGTGTTGTGAAATGTTGGGTTAAGTCCCGCAACGAGCGCAACCCTTATCCTTTGTTGCCAGCACGTAATGGTGGGAACTCAAAGGAGACTGCCGGTGACAAACCGGAGGAAGGTGGGGATGACGTCAAGTCATCATGGCCCTTACGAGTAGGGCTACACACGTGCTACAATGGCGTATACAGAGGGTAACGAAGCTGCGAGGTGGAGTGAATCTCATAAAGTACGTCTAAGTCCGGATTGGAGTCTGCAACTCGACTCCATGAAGTCGGAATCGCTAGTAATCGCGAATCAGAATGTCGCGGTGAATA
>ASV_126
CTCGTGTCGTGAGATGTTGGGTTAAGTCCCGCAACGAGCGCAACCCTTGTCTCGTGTTGCCAGCAGGTTGGGCTGGGGACTCACGGGAGACTGCCGGGGTTAACTCGGAGGAAGGTGGGGATGACGTCAAATCATCATGCCCCTTATGTCTTGGGCTTCACGCATGCTACAATGGCCGGTACAGAGGGTTGCGATATCGTGAGGTGGAGCGAATCCCTTAAAGTCGGTCTCAGTTCGGATCGGGGTCTGCAACTCGACCCCGTGAAGTCGGAGTCGCTAGTAATCGCGGATCAGCAACGCCGCGGTGAATA
>ASV_127
CTCGTGTCGTGAGATGTTGGGTTAAGTCCCGCAACGAGCGCAACCCTTGTCTTTAGTTGCCAGCATTTAGTTGGGCACTCTAGAGAGACTGCCAGGGATAACCTGGAGGAAGGTGGGGATGACGTCAAATCATCATGCCCCTTATGCTTAGGGCTACACACGTGCTACAATGGGTGGTACAGAGGGTTGCCAAACCGTGAGGTGGAGCCAATCCCTTAAAGCCATTCTCAGTTCGGATTGTAGGCTGAAACTCGCCTACATGAAGCTGGAGTTACTAGTAATCGCAGATCAGAATGCTGCGGTGAATG
>ASV_128
CTCGTGTCGTGAGATGTTTGGTTAAGTCCATCAACGAGCGCAACCCTTGTGTCTAGTTGTATTTTTCTAGACAGACTGCTTCGGTAACGGAGAGGAAGGAGGGGATGATGTCAGGTCAGTATTTCCCTTACGTCCTGGGCTAGAAACACGATACAATGGCTAGTACAATGCGCAGCGAAGCCGCGAGGTGAAGCAAATCGCACCAAAGCTAGTCCCAGTTCGGATTGGAGGCTGAAACTCGCCTCCATGAAGTCGGAATCGCTAGTAATCGCAAATCAGCAAGTTGCGGTGAATA
>ASV_129
CTCGTGTTGTGAAATGTTGGGTTAAGTCCCGCAACGAGCGCAACCCTTATCCTTTGTTGCCAGCGATTTGGTCGGGAACTCAAAGGAGACTGCCGGTGATAAACCGGAGGAAGGTGGGGATGACGTCAAGTCATCATGGCCCTTACGAGTAGGGCTACACACGTGCTACAATGGCGTATACAGAGGGAAGCGATAGTGCGAGCTGGAGCGAATCTCACAAAGTACGTCTAAGTCCGGATTGGAGTCTGCAACTCGACTCCATGAAGTCGGAATCGCTAGTAATCGCAAATCAGAATGTTGCGGTGAATA
>ASV_130
CTCGTGCCGTGAGGTGTCGGCTTAAGTGCCATAACGAGCGCAACCCTTGCCGTCAGTTGCCATCAGGAAAAGCTGGGGACTCTGTCGGGACTGCCACCGCAAGGTGTGAGGAAGGGGGGGATGACGTCAAATCAGCACGGCCCTTACGTCCGGGGCTACACACGTGTTACAATGGCGACTACAGAGGGGAGCCACCCGGTGACGGGGCGCCGATCTCCAAAAGTCGTCTCAGTTCGGACTGGAGTCTGCAACCCGACTCCACGAAGCTGGATTCGCTAGTAATCGCACATCAGCCATGGTGCGGTGAATA
>ASV_131
CTCGTGTCGTGAGATGTTGGGTTAAGTCCCGCAACGAGCGCAACCCTTGTCATTAGTTGCTACGCAAGAGCACTCTAATGAGACTGCCGGTGACAAACCGGAGGAAGGTGGGGATGACGTCAAGTCCTCATGGCCCTTATGGGTAGGGCTTCACACGTCATACAATGGTCGGGACAGAGGGTCGCCAACCCGCGAGGGGGAGCCAATCTCAGAAACCCGATCGTAGTCCGGATCGCAGTCTGCAACTCGACTGCGTGAAGTCGGAATCGCTAGTAATCGCGGATCAGAATGTCGCGGTGAATA
>ASV_132
CTCGTGTCGTGAGATGTTGGGTTAAGTCCCGCAACGAGCGCAACCCTTATCATTAGTTGCTACGCAAGGGCACTCTAATGAGACTGCCGGTGACAAACCGGAGGAAGGTGGGGATGACGTCAAGTCCTCATGGCCCTTATGTGTAGGGCTTCACACGTCATACAATGGTCGGTACAGAGGGTTGCGAAGCCGTGAGGTGGAGCCAATCCCAGAAAACCGATCGTAGTCCGGATTGCAGTCTGCAACTCGACTGCATGAAGTCGGAATCGCTAGTAATCGCGGATCAGCATGCCGCGGTGAATA
>ASV_133
CTCGTGTCGTGAGATGTTGGGTTAAGTCCCGCAACGAGCGCAACCCTTGTCGTCAGTAGCCAGCAGTAAGATGGGCACTCTGACGAGACAGCCGGAGATAATCCGGAGGAAGGTGGGGATGACGTCAAATCATCATGCCCCTTATGATTTGGGCTACACACGTGCTACAATGGCGTAAACAAAGTGAAGCAAGACCGCGAGGTTAAGCAAATCACAGAAATAACGTCTCAGTTCGGATTGTAGTCTGCAACTCGACTATATGAAGCCGGAATCGCTAGTAATCGCAGATCAGAATGCTGCGGTGAATA
>ASV_134
CTCGTATCGTGAGATGTTGGGTTAAGTCCCGCAACGAGCGCAACCCCTATCTTATGTTGCCAGCACTTCGGGTGGGAACTCATGAGAGACTGCCGCAGACAATGCGGAGGAAGGCGGGGATGACGTCAAATCATCATGCCCCTTATGACCTGGGCTACACACGTACTACAATGGGAGTTAATAGACGGAAGCGAAACCGCGAGGTGGAGCAAACCCGAGAAACACTCTCTCAGTTCGGATCGTAGGCTGCAACTCGCCTACGTGAAGTCGGAATCGCTAGTAATCGCAGGTCAGCATACTGCGGTGAATA
>ASV_135
CTCGTGCCGTGAGGTGTTGGGTTAAGTCCCGCAACGAGCGCAACCCCTACTGCCAGTTACTAACAGGTAAAGCTGAGGACTCTGGCGGAACTGCCGGTGACAAACCGGAGGAAGGTGGGGATGACGTCAAGTCATCATGGCCCTTATGTCCAGGGCTACACACGTGCTACAATGGTAGGAACAAAGTGAGGCGAAGCTGCAAAGCGGAGCAAAACGCAAAAAAACTATCGTAGTCCGGATTGGAGTCTGAAACTCGACTCCATGAAGTTGGAATCGCTAGTAATCGCGCATCAGCACGGCGCGGTGAATA
>ASV_136
CTCGTGTCGTGAGATGTTAGGTTAAGTCCTTCAACGAGCGCAACCCTTGTGAATAGTTGTATTTTTCTATTCAGACTGCCCCGGTAACGGGGAGGAAGGAGGGAATGATGTCAGGTCAGTATTTCCCTTACGTCCTGGGCTAGAAACGTAATACAATGGCTAGTACAATGCGCAGCGAAGCCGCGAGGTGAAGCAAATCGCATCAAAGCTAGTCCCAGTTCGGATTGCAGGCTGAAACTCGCCTGCATGAAGTCGGAATCGCTAGTAATCGCAAATCAGCAAGTTGCGGTGAATA
>ASV_137
CTCGTGCCGTGAGGTGTCGGCTTAAGTGCCATAACGAGCGCAACCCCTGTCTTTAGTTGCCATCAGGTGATGCTGGGCACTCTGGAGATACTGCCACCGTAAGGTGTGAGGAAGGTGGGGATGACGTCAAATCAGCACGGCCCTTACGTCCGGGGCTACACACGTGTTACAATGGCCGGTACAGAGGGACGGTGTAATGTAAATTGCATCCAATCTTGAAAGCCGGTCCCAGTTCGGACTGGGGTCTGCAACCCGACCCCACGAAGCTGGATTCGCTAGTAATCGCGCATCAGCCATGGCGCGGTGAATA
>ASV_138
CTCGTGTCGTGAGATGTTGGGTTAAGTCCCGCAACGAGCGCAACCCCTATCTTATGTTGCCAGCACGTAATGGTGGGAACTCATGAGAGACTGCCGCAGACAATGCGGAGGAAGGCGGGGATGACGTCAAATCATCATGCCCCTTATGACCTGGGCTACACACGTACTACAATGGGAGTTAATAGACGGAAGCGAGATCGCGAGATGGAGCAAACCCGAGAAACACTCTCTCAGTTCGGATCGTAGGCTGCAACTCGCCTACGTGAAGTCGGAATCGCTAGTAATCGCAGGTCAGCATACTGCGGTGAATA
>ASV_139
CTCGTGTCGTGAGATGTTGGGTTAAGTCCCGCAACGAGCGCAACCCCTATAGTTAGTAGCCAGCAGTAAGATGGGCACTCTAACTAGACTGCCAGGGATAACCTGGAGGAAGGCGGGGATGACGTCAAATCATCATGCCCCTTATGACTTGGGCTACACACGTGCTACAATGGCGTAAACAAAGGGAAGCAAGAGGGCGACCTTAAGCAAATCTCAAAAATAACGTCTCAGTTCGGACTGTAGTCTGCAACCCGACTACACGAAGCTGGAATCGCTAGTAATCGCAGATCAGCATGCTGCGGTGAATA
>ASV_140
CTCGTGCCGTGAGGTGTCGGCTTAAGTGCCATAACGAGCGCAACCCCTCTCCGCAGTTGCCATCGGTTGATGCCGGGCACTCTGCGGACACTGCCTCCGCAAGGAGTGAGGAAGGTGGGGATGACGTCAAATCAGCACGGCCCTTACGTCCGGGGCTACACACGTGTTACAATGGCGCGTACAGAGTGTCGGTGCTGTGCAAACAGTATCTAATCAATAAAACGCGTCCCAGTTCGGACCGGGGTCTGCAACCCGACCCCGCGAAGCTGGATTCGCTAGTAATCGCGCATCAGCCATGGCGCGGTGAATA
>ASV_141
CTCGTGCCGTGAGGTGTCGGCTCAAGTGCCATAACGAGCGCAACCCCCCTCCCCAGTTGCCATCGGGTGATGCCGGGCACTCCGGGGACACTGCCGCCGCAAGGTGCGAGGAAGGTGGGGACGACGTCAAATCAGCACGGCCCTTACGTCCGGGGCTACACACGTGTTACAATGGCCGGTACAGAGCGTCGGCCGCGCGCAAGTGCGGTCCAATCCTCAAAGCCGGTCCCAGTTCGGACTGGGGTCTGCAACCCGACCCCACGAAGCTGGATTCGCTAGTAATCGCGCATCAGCCATGGCGCGGTGAATA
>ASV_142
CTCGTGCCGTGAGGTGTCGGCTTAAGTGCCATAACGAGCGCAACCCCTGTCTTCAGTTGCCATCAGGTGATGCTGGGCACTCTGTAGATACTGCCACCGTAAGGTGTGAGGAAGGTGGGGATGACGTCAAATCAGCACGGCCCTTACGTCCGGGGCTACACACGTGTTACAATGGGGGGTACAGCGAGCAGGATGCCCGCAAGGTCATTCAAATCATGAAAGCCTCCCTCAGTTCGGACTGGGGTCTGCAACCCGACCCCACGAAGCTGGATTCGCTAGTAATCGCGCATCAGCCATGGCGCGGTGAATA
>ASV_143
CTCGTGTCGTGAGATGTTGGGTTAAGTCCCGCAACGAGCGCAACCCTCGTTCTATGTTGCCAGCACGTCATGGTGGGAACTCATGGAATACTGCCGGGGTCAACTCGGAGGAAGGTGAGGATGACGTCAAATCATCATGCCCCTTATGTCTTGGGCTTCACGCATGCTACAATGGCCGGTACAATGGGCTGCAATACCGCAAGGTGGAGCGAATCCCAAAAAGCCGGTCCCAGTTCGGATTGAGGTCTGCAACTCGACCTCATGAAGTCGGAGTCGCTAGTAATCGCAGATCAGCAACGCTGCGGTGAATA
>ASV_144
CTCGTGTCGTGAGATGTTGGGTTAAGTCCCGCAACGAGCGCAACCCTTGCCCTATGTTGCCAGCACGTGATGGTGGGGACTCGTGGGGGACTGCCGGGGTTAACTCGGAGGAAGGTGGGGATGACGTCAAATCATCATGCCCCTTATGTCTTGGGCTTCACGCATGCTACAATGGTTGGTACAGAGGGTTGCGATATCGTGAGGTGGAGCGAATCCCTTAAAGCCAGTCTCAGTTCGGATTGGGGTCTGCAACTCGACCCCATGAAGGTGGAGTCGCTAGTAATCGCAAATCAGCAACGCTGCGGTGAATA
>ASV_145
CTCGTGCCGTGAGGTGTCGGCTTAAGTGCCATAACGAGCGCAACCCCTGTCTACGGTTGCCATCAGGTAATGCTGGGAACTCCGTAGAGACTGCCGTCGTAAGGCGTGAGGAAGGTGGGGATGACGTCAAATCAGCACGGCCCTTACATCCGGGGCGACACACGTGTTACAATGGTGGGGACAAAGGGCAGCTACCTGGCGACAGGATGCGAATCTCCAAACCCCATCACAGTTCGGATCGGAGTCTGCAACTCGACTCCGTGAAGCTGGATTCGCTAGTAATCGCGCATCAGCCATGGCGCGGTGAATA
>ASV_146
CTCGTGTCGTGAGATGTTGGGTTAAGTCCCGCAACGAGCGCAACCCCTTTCGTATGTTACCATCATTAAGTTGGGGACTCATGCGATACTGCCTACGATGAGTAGGAGGAAGGTGGGGATGACGTCAAGTCATCATGCCCCTTATACGCTGGGCTACACACGTGCTACAATGGGTAGTACAGAGAGTCGCAAAGCCGCGAGGTGGAGCTAATCTCAGAAAACTATTCTTAGTTCGGATTGTACTCTGCAACTCGAGTACATGAAGTTGGAATCGCTAGTAATCGCGAATCAGCAATGTCGCGGTGAATA
>ASV_147
CTCGTGTCGTGAGATGTTGGGTTAAGTCCCGCAACGAGCGCAACCCTTGTCGTCAGTAGCCAGCATTAAGATGGGCACTCTGACGAGACAGCCGGAGATAATCCGGAGGAAGGTGGGGATGACGTCAAATCATCATGCCCCTTATGATTTGGGCTACACACGTGCTACAATGGCGTAAACAAAGTGAAGCAAAGCTGCGAAGCCAAGCAAATCACAAAAATAACGTCTCAGTTCGGATTGTAGTCTGCAACTCGACTATATGAAGCTGGAATCGCTAGTAATCGCAGATCAGAATGCTGCGGTGAATA
>ASV_148
CTCAGTTCTGCGGTTTCTGCGGCGGCTGGAGAGGTGGTCGGAGAAGTAGGAACCTCCTGCCGGGCTCGTGGCGGCTTCTGTCCGCTCCGCGGAGGGAAGCGCCTTCCCCACAGGTAGTGGGTTAGGGAGGGCAGGGTTAGGGAGGGAAGCAGGGCCGCGCTCCCTGCCGCCCCCCCGGAGTCGGAGTGCGTTGGTGGGGTAGTCTCTGAGGGCCCTTCGCTCCTGGGATCTGCCCGTTACCGACCGTTGCCGGCAAGGCCCCGCGGCCGGCACCGGAGAAGGGCGGCGAGGCGGCGGGGATGGTCGCGTCCCGTGGCGGGAGGCTCGT
>ASV_149
CTCGTGCCGTGAGGTGTCGGCTTAAGTGCCATAACGAGCGCAACCCCTCTCTTCAGTTGCCATCAGGTTAAGCTGGGCACTCTGGAGACACTGCCACCGTAAGGTGTGAGGAAGGTGGGGATGACGTCAAATCAGCACGGCCCTTACGTCCGGGGCTACACACGTGTTACAATGGCCGGTACAGAGGGATGGTGTAATGTAAATTGCATCAAATCTTGAAAGCCGGTCCCAGTTCGGACTGGGGTCTGCAACCCGACCCCACGAAGCTGGATTCGCTAGTAATCGCGCATCAGCCATGGCGCGGTGAATA
>ASV_150
CTCGTGTCGTGAGATGTTGGGTTAAGTCCCGCAACGAGCGCAACCCCTATCTTATGTTGCCAGCACTTCGGGTGGGAACTCATGAGAGACTGCCGCAGACAATGCGGAGGAAGGCGGGGATGACGTCAAATCATCATGCCCCTTATGACCTGGGCTACACACGTACTACAATGGGAGTTAATAGACGGAAGCAATACTGCGAGGTGGAGCAAACCCGAGAAACACTCTCTCAGTTCGGATCGTAGGCTGCAACTCGCCTACGTGAAGTCGGAATCGCTAGTAATCGCAGGTCAGCATACTGCGGTGAATA
>ASV_151
CTCGTGTCGTGAGATGTTGGGTTAAGTCCCGCAACGAGCGCAACCCCTATTCTCTGTTGCCAGCACGCGAAGGTGGGAACTCAGAGGAGACTGCCGCGGACAACGCGGAGGAAGGCGGGGATGACGTCAAGTCATCATGCCCCTTATGTCCTGGGCTACACACGTACTACAATGGGATGGACAGAGAGCAGCGAAGCCGCGAGGCCGAGCGAACCCCAAAAACCATTTCCCAGTTCGGATTGCAGGCTGCAACTCGCCTGCATGAAGATGGAATCGCTAGTAATCGCAGGTCAGCATACTGCGGTGAATA
>ASV_152
CTCGTGCCGTGAGGTGTCGGCTTAAGTGCCATAACGAGCGCAACCCCTTTCTTCAGTTGCCATCAGGTGATGCTGGGCACTCTGTAGATACTGCCACCGCAAGGTGTGAGGAAGGTGGGGATGACGTCAAATCAGCACGGCCCTTACGTCCGGGGCTACACACGTGTTACAATGGCCGGTACAGAGAGTTGATTTTGTGCAAACACGATCTAATCCTTAAATCCGGTCCCAGTTCGGACTGGGGTCTGCAACCCGACCCCACGAAGCTGGATTCGCTAGTAATCGCGCATCAGCCATGGCGCGGTGAATA
>ASV_153
CTCGTGCCGTGAGGTGTCGGCTTAAGTGCCATAACGAGCGCAACCCCTTTCTTCAGTTGCCATCAGGTAATGCTGGGCACTCTGGAGATACTGCCACCGCAAGGTGTGAGGAAGGTGGGGATGACGTCAAATCAGCACGGCCCTTACGTCCGGGGCTACACACGTGTTACAATGGCCGGTACAGAGAGTCGGTCGTGTGCAAACACGATCTAATCCTTAAATCCGGTCCCAGTTCGGACTGGGGTCTGCAACCCGACCCCACGAAGCTGGATTCGCTAGTAATCGCGCATCAGCCATGGCGCGGTGAATA
>ASV_154
CTCGTGTCGTGAGATGTTGGGTTAAGTCCCGCAACGAGCGCAACCCTTAAGCTTAGTTGCCATCATTAAGTTGGGCACTCTAAGTTGACTGCCGGTGACAAACCGGAGGAAGGTGGGGATGACGTCAAATCATCATGCCCCTTATGATTTGGGCTACACACGTGCTACAATGGACAATACAAAGGGTAGCGAAACCGCGAGGTCAAGCAAATCCCATAAAGTTGTTCTCAGTTCGGATTGTAGTCTGCAACTCGACTACATGAAGCTGGAATCGCTAGTAATCGTAGATCAGCATGCTACGGTGAATA
>ASV_155
CTCGTGTTGTGAAATGTTGGGTTAAGTCCCGCAACGAGCGCAACCCTTATCCTTTGTTGCCAGCGATTCGGTCGGGAACTCAAAGGAGACTGCCGGTGATAAACCGGAGGAAGGTGGGGATGACGTCAAGTCATCATGGCCCTTACGAGTAGGGCTACACACGTGCTACAATGGCGTATACAGAGGGAAGCGAGAGTGCGAGCTGGAGCGAATCTCACAAAGTACGTCTAAGTCCGGATTGGAGTCTGCAACTCGACTCCATGAAGTCGGAATCGCTAGTAATCGCAAATCAGAATGTTGCGGTGAATA
>ASV_156
CTCGTGTCGTGAGATGTTGGGTTAAGTCCCGCAACGAGCGCAACCCCTGTTCTTTGTTGCCATCACGTAAAGGTGGGCACTCAAAGGAGACTGCCGCGGAGAACGCGGAGGAAGGCGGGGATGACGTCAAGTCATCATGCCCCTTATGGTCTGGGCTACACACGTACTACAATGGAACGGACAGAGAGCAGCGAACCCGCGAGGGCAAGCGAACCTCAAAAACCGTTTCCCAGTTCGGATTGCAGGCTGCAACTTGCCTGCATGAAGTCGGAATCGCTAGTAATCGCAGGTCAGCATACTGCGGTGAATA
>ASV_157
CTCGTGTCGTGAGATGTTGGGTTAAGTCCCGCAACGAGCGCAACCCTTGTCTTATGTTGCCAGCACGTTTTCAGGTGGGGACTCATGAGAGGCTGCCGGGGTTAACTCGGAGGAAGGTGGGGATGACGTCAAATCATCATGCCCTTTATGCCCAGGGCTTCACACATGCTACAATGGTTAGTACAACGCGCTGCAAGCCTGTGAGGGTGAGCGAATCGCTGAAAGCTAATCTCAGTTCGGATTGGGGTCTGCAACTCGACCCCATGAAGTCGGAGTCGCTAGTAATCGCAGATCAGCAATGCTGCGGTGAATA
>ASV_158
CTCGTGCCGTGAGGTGTCGGCTTAAGTGCCATAACGAGCGCAACCCCTGTCTTCAGTTGCCATCAGGTAATGCTGGGCACTCTGTAGATACTGCCACCGTAAGGTGTGAGGAAGGTGGGGATGACGTCAAATCAGCACGGCCCTTACGTCCGGGGCTACACACGTGTTACAATGGGGGGTACAGCGAGTTGGATGCCCGCAAGGTCATTCTAATCAATAAAGCCTCCCTCAGTTCGGACTGGGGTCTGCAACCCGACCCCACGAAGCTGGATTCGCTAGTAATCGCGCATCAGCCATGGCGCGGTGAATA
>ASV_159
CTCGTGTCGTGAGATGTTGGGTTAAGTCCCGTAACGAGCGCAACCCCTATGGCTAGTTGCTAACATTAAGTTGAGGACTCTAGCAAGACTGCCGTTGTTAAAACGGAGGAAGGTGGGGACGACGTCAAATCATCATGCCCTTTATGTCCTGGGCTACACACGTACTACAATGGGTAAGACAGAGGGAAGCGAAAGTGCGAACTGGAGCAAAACCCTAAACTTATTCTCAGTTCGGATTGGAGTCTGAAATTCGGCTCCATGAAGCTGGAATTGCTAGTAATGGCAGGTCAGCATACTGCCGTGAATA
>ASV_160
CTCGTGTCGTGAGATGTTGGGTTAAGTCCCGCAACGAGCGCAACCCCTATAACTAGTTGCCAGCATTCAGATGGGGACTCTAGTTAGACTGCCGGTGACAAACCGGAGGAAGGTGGGGATGACGTCAAATCATCATGCCCCTTATGACCTGGGCTACACACGTGCTACAATGGATGGTACAACGAGCAGCGAACTCGCGAGGGTAAGCGAATCTCTAAAAGCCATTCTCAGTTCGGATTGTAGTCTGCAACTCGACTACATGAAGCCGGAATCGCTAGTAATCGCGGATCAGCACGCCGCGGTGAATA
>ASV_161
CTCGTGTCGTGAGATGTTGGGTTAAGTCCCGCAACGAGCGCAACCCCTATTGTTAGTTGCCATCATTCAGTTGGGCACTCTAGCGGGACTGCCGGTAATAAACCGGAGGAAGGTGGGGATGACGTCAAATCATCATGCCCCTTATGACCTGGGCTACACACGTGCTACAATGGTTGGTACAACGAGTTGCGAGTCGGTGACGGCAAGCTAATCTCTTAAAGCCAATCTCAGTTCGGATTGTAGGCTGCAACTCGCCTACATGAAGTCGGAATCGCTAGTAATCGCGGATCAGCACGCCGCGGTGAATA
>ASV_162
CTCGTGTCGTGAGATGTTGGGTTAAGTCCCGCAACGAGCGCAACCCTCGTCCTATGTTGCCAGCACGTCATGGTGGGAACTCATGGGAGACTGCCGGGGTCAACTCGGAGGAAGGTGGGGATGACGTCAAATCATCATGCCCCTTATGTCTTGGGCTTCACGCATGCTACAATGGCCGGTACAAAGGGCTGCGATACCGTAAGGTGGAGCGAATCCCAAAAAGCCGGTCTCAGTTCGGATTGAGGTCTGCAACTCGACCTCATGAAGTTGGAGTCGCTAGTAATCGTGGATCAGCAACGCCACGGTGAATA
>ASV_163
CTCGTGCCGTGAGGTGTCGGCTTAAGTGCCATAACGAGCGCAACCCCTTTTCTTAGTTGCCATCGGGTAATGCCGGGCACTCTGGGAATACTGCCACCGTAAGGTGTGAGGAAGGTGGGGATGACGTCAAATCAGCACGGCCCTTACGTCCGGGGCTACACACGTGTTACAATGGCGCATACAGATTGTTGGTTGTGTGTAAATACGATCTAATCTTTAAAGTGCGTCTCAGTTCGGACTGGGGTCTGCAACCCGACCCCACGAAGCTGGATTCGCTAGTAATCGCGCATCAGCCATGGCGCGGTGAATA
>ASV_164
CTCGTGTCGTGAGATGTTGGGTTAAGTCCCGCAACGAGCGCAACCCCTATCTTATGTTGCCAGCACTTCGGGTGGGAACTCATGAGAGACTGCCGCAGACAATGCGGAGGAAGGCGGGGATGACGTCAAATCATCATGCCCCTTATGACCTGGGCTACACACGTACTACAATGGGAGTTAATAGACGGAAGCAATACCGCGAGGTGGAGCAAACCCGAGAAACACTCTCTCAGTTCGGATCGTAGGCTGCAACTCGCCTACGTGAAGTCGGAATCGCTAGTAATCGCAGGTCAGCATACTGCGGTGAATA
>ASV_165
CTCGTGCCGTGAGGTGTCGGCTTAAGTGCCATAACGAGCGCAACCCCTGTCTTCAGTTGCCATCAGGTAATGCTGGGCACTCTGCAGATACTGCCACCGTAAGGTGTGAGGAAGGTGGGGATGACGTCAAATCAGCACGGCCCTTACGTCCGGGGCTACACACGTGTTACAATGGGGGGTACAGCGAGCGGGATGCCCGCAAGGTCATTCAAATCATGAAAGCCTCCCTCAGTTCGGACTGGGGTCTGCAACCCGACCCCACGAAGCTGGATTCGCTAGTAATCGCGCATCAGCCATGGCGCGGTGAATA
>ASV_166
CTCGTGTCGTGAGATGTTGGGTTAAGTCCCGCAACGAGCGCAACCCTCGCCATTAGTTGCCATCATTTAGTTGGGAACTCTAATGGGACTGCCGGTGCTAAGCCGGAGGAAGGTGGGGATGACGTCAAGTCCTCATGGCCCTTACAGGGTGGGCTACACACGTGCTACAATGGCGACTACAGAGGGTTAATCCTTAAAAGTCGTCTCAGTTCGGATTGTCCTCTGCAACTCGAGGGCATGAAGTTGGAATCGCTAGTAATCGCGGATCAGCATGCCGCGGTGAATA
>ASV_167
CTCGTGTCGTGAGATGTTGGGTTAAGTCCCGCAACGAGCGCAACCCCTGTTCTTTGTTGCCATCACGTAAAGGTGGGCACTCAAAGGAGACTGCCGCGGAGAACGCGGAGGAAGGCGGGGATGACGTCAAGTCATCATGCCCCTTATGGTCTGGGCTACACACGTACTACAATGGAGTGGACAGAGAGCAGCAAGAGAGCGATCTGGAGCGAACCTCAAAAACCACTTCCCAGTTCGGATTGCAGGCTGCAACTCGCCTGCATGAAGTCGGAATCGCTAGTAATCGCAGGTCAGCATACTGCGGTGAATA
>ASV_168
CTCGTGTCGTGAGATGTTGGGTTAAGTCCCGCAACGAGCGCAACCCTTATTGTTAGTTGCCATTATTTAGTTGGGCACTCTAGCGAGACTGCCGGTAATAAACCGGAGGAAGGTGGGGATGACGTCAAATCATCATGCCCCTTATGACCTGGGCTACACACGTGCTACAATGGCTGGTACAACGAGTTGCAAGTCGGTGACGGCAAGCTAATCTCTTAAAGCCAGTCTCAGTTCGGATTGTAGGCTGCAACTCGCCTACATGAAGTCGGAATCGCTAGTAATCGCGGATCAGCACGCCGCGGTGAATA
>ASV_169
CTCGTGTCGTGAGATGTTGGGTTAAGTCCCGCAACGAGCGCAACCCCTATGTCTAGTTGCCAGCAGTAAGATGGGGACTCTAGACAGACTGCCGGTGATAAACTGGAGGAAGGCGGGGATGACGTCAAATCATCATGCCCCTTATGACTTGGGCTACACACGTGCTACAATGGATAGGAACAAAGAGAAGCTAACTCGCGAGAGCAAGCAAACCTCATAAAACTATTCTCAGTTCGGATTGTAGTCTGCAACTCGACTACATGAAGCTGGAATCGCTAGTAATCGCGAATCAGAATGTCGCGGTGAATA
>ASV_170
CTCGTGTCGTGAGATGTTAGGTTAAGTCCTTCAACGAGCGCAACCCTTGTGAATAGTTGTATTTTTCTATTCAGACTGCCCCGGTAACGGGGAGGAAGGAGGGGATGATGTCAGGTCAGTATTTCCCTTACGTCCTGGGCTAGAAACGTAATACAATGGCTAGTACAATGCGCAGCGAAGCCGCGAGGTGAAGCAAATCGCATCAAAGCTAGTCCCAGTTCGGATTGTAGGCTGAAACTCGCCTACATGAAGTCGGAATCGCTAGTAATCGCAAATCAGCAAGTTGCGGTGAATA
>ASV_171
CTCGTGTCGTGAGATGTTGGGTTAAGTCCCGCAACGAGCGCAACCCTTGCCCTATGTTGCCAGCACGTTATGGTGGGGACTCGTGGGGGACTGCCGGGGTTAACTCGGAGGAAGGTGGGGATGACGTCAAATCATCATGCCCCTTATGTCTTGGGCTTCACGCATGCTACAATGGCTGGTACAGAGGGTTGCGATACTGTGAGGTGGAGCGAATCCCTTAAAGCCGGTCTCAGTTCGGATTGGGGTCTGCAACTCGACCCCATGAAGGTGGAGTCGCTAGTAATCGCAGATCAGCAACGCTGCGGTGAATA
>ASV_172
CTCGTGTCGTGAGATGTTGGGTTAAGTCCCGCAACGAGCGCAACCCTCGCCATTAGTTGCCATCATTTAGTTGGGAACTCTAATGGGACTGCCGATGCTAAGCCGGAGGAAGGTAGGGATGACGTCAAGTCCTCATGGCCCTTACAGGGTGGGCTACACACGTGCTACAATGGCGACTACAGAGGGTTAATCCTTAAAAGTCGTCTCAGTTCGGATTGTCCTCTGCAACTCGAGGGCATGAAGTTGGAATCGCTAGTAATCGCGGATCAGCATGCCGCGGTGAATA
>ASV_173
CTCGTGCCGTGAGGTGTCAGGTTAAGTCCTATAACGAGCGCAACCCCTGCCATTAGTTGCTAGCGAGTAAAGTCGAGCACTCTAGTGGGACTGCCGGTGCAAACCGTGAGGAAGGTGGGGATGACGTCAAATCATCACGGCCCTTACATCTTGGGCTACACACGTGCTACAATGGTCGTTACAGAGAGCAGCCACTGCGTGAGCAGGCGCGAATCTATAAAGACGATCACAGTTCGGATCGGAGTCTGCAACTCGACTCCGTGAAGCTGGAATCGCTAGTAATCGGATATCAGCCATGATCCGGTGAATA
>ASV_174
CTCGTGCCGTGAGGTGTCGGGTTAAGTCCCATAACGAGCGCAACCCTTATCGTCAGTTACCATCAAGTAAAGTTGGGGACTCTGGCGAGACTGCCGGTGCAAACCGTGAGGAAGGTGGGGATGACGTCAAATCAGCACGGCCCTTACGTCCAGGGCGACACACGTGTTACAATGGGTAGTACAGAGAGTTGCCAGCCAGCGATGGTGAGCTAATCTATTAAATCTACCCTCAGTTCGGATTGGAGTCTGCAACTCGACTCCATGAAGCTGGATTCGCTAGTAATCGCGCATCAGCCATGGCGCGGTGAATA
>ASV_175
CTCGTGTCGTGAGATGTTGGGTTAAGTCCCGCAACGAGCGCAACCCTTGTCCCGTGTTGCCAGCACGTTGTGGTGGGGACTCGCGGGAGACTGCCGGGGTCAACTCGGAGGAAGGTGGGGATGACGTCAAATCATCATGCCCCTTATGTCTTGGGCTTCACGCATGCTACAATGGCCGGTACAGAGGGCTGCGATACCGTGAGGTGGAGCGAATCCCTTAAAGCCGGTCTCAGTTCGGATCGGTGTCTGCAACTCGACACCGTGAAGTTGGAGTCGCTAGTAATCGCAGATCAGCAACGCTGCGGTGAATA
>ASV_176
CTCGTGTCGTGAGATGTTGGGTTAAGTCCCGCAACGAGCGCAACCCTTATCATTAGTTGCTACGCAAGGGCACTCTAATGAGACTGCCGGTGACAAACCGGAGGAAGGTGGGGATGACGTCAAGTCCTCATGGCCCTTATGTGTAGGGCTTCACACGTCATACAATGGTCGGTACAGAGGGTTGCGAAGCCGCGAGGTGGAGCCAATCCCAAAAAACCGATCGTAGTCCGGATTGCAGTCTGCAACTCGACTGCATGAAGTCGGAATCGCTAGTAATCGCGGATCAGCATGCCGCGGTGAATA
>ASV_177
CTCGTGTCGTGAGATGTTGGGTTAAGTCCCGCAACGAGCGCAACCCTTATCATTAGTTGCTACGCAAGGGCACTCTAATGAGACTGCCGGTGACAAACCGGAGGAAGGTGGGGATGACGTCAAGTCCTCATGGCCCTTATATGTAGGGCTTCACACGTCATACAATGGTCGGTACAGAGGGTTGCGAAGCCGCGAGGTGGAGCCAATCCCAAAAAACCGATCGTAGTCCGGATTGCAGTCTGCAACTCGACTGCATGAAGTCGGAATCGCTAGTAATCGCGGATCAGCATGCCGCGGTGAATA
>ASV_178
CTCGTGCCGTGAGGTGTTGGGTTAAGTCCCGCAACGAGCGCAACCCCTATCTTTAGTTGCCAGCGGTTCGGCCGGGGACTCTAAAGAGACTGCCTACGTAAGTAGTGAGGAAGGCGAGGACGACGTCAAGTCATCATGGCCCTTACGTCCAGGGCTACACACGTGCTACAATGGATGGTACAGAGAGTTGCGACACAGCGATGTGAAGCTAATCTCAAAAAGCCATTCTCAGTTCGGATCGAAGTCTGCAACTCGACTTCGTGAAGTTGGATTCGCTAGTAATCGCATATCAGCAATGATGCGGTGAATA
>ASV_179
CTCGTGTCGTGAGATGTTGGGTTAAGTCCCGCAACGAGCGCAACCCTTGTCGTCAGTAGCCAGCAGTAAGATGGGCACTCTGACGAGACAGCCGGAGATAATCCGGAGGAAGGTGGGGATGACGTCAAATCATCATGCCCCTTATGATTTGGGCTACACACGTGCTACAATGGCGTAAACAAAGTGAAGCAAAGCCGCGAGGCCAAGCAAATCACAAAAATAACGTCTCAGTTCGGATTGTAGTCTGCAACTCGACTATATGAAGCTGGAATCGCTAGTAATCGCAGATCAGAATGCTGCGGTGAATA
>ASV_180
CTCGTGCCGTGAGGTGTCGGCTTAAGTGCCATAACGAGCGCAACCCTTTTCCTTGGTTGCCATCAGGTCATGCTGGGCACTCCAGGGATACTGCCATCGTAAGATGTGAGGAAGGTGGGGATGACGTCAAATCAGCACGGCCCTTACGTCCGGGGCTACACACGTGTTACAATGGGGGGTACAGAAGGTCGCTACCTGGTGACAGGATGCTAATCTTTAAAACCTCTCTCAGTTCGGATCGGAGTCTGCAACCCGACTCCGTGAAGCTGGATTCGCTAGTAATCGCGCATCAGCCATGGCGCGGTGAATA
>ASV_181
CTCGTGCCGTGAGGTGTCGGCTTAAGTGCCATAACGAGCGCAACCCCATTTTCTAGTTGCCATCGGGTAATGCCGGGCACTCTGGAGATACTGCCACCGTAAGGTGTGAGGAAGGTTGGGATGACGTCAAATCAGCACGGCCCTTACGTCCGGGGCTACACACGTGTTACAATGGCGCATACAGAGTGTCGGTTGTATGTAAATGCAATCCAATCTTGAAAGTGCGTCTCAGTTCGGACTGGGGTCTGCAACCCGACCCCACGAAGCTGGATTCGCTAGTAATCGCGCATCAGCCATGGCGCGGTGAATA
>ASV_182
CTCGTGTCGTGAGATGTTGGGTTAAGTCCCGCAACGAGCGCAACCCTTAAGCTTAGTTGCCATCATTAAGTTGGGCACTCTAAGTTGACTGCCGGTGACAAACCGGAGGAAGGTGGGGATGACGTCAAATCATCATGCCCCTTATGATTTGGGCTACACACGTGCTACAATGGACAATACAAAGGGCAGCGAAACCGCGAGGTCAAGCAAATCCCATAAAGTTGTTCTCAGTTCGGATTGTAGTCTGCAACTCGACTATATGAAGCTGGAATCGCTAGTAATCGTAGATCAGCATGCTACGGTGAATA
>ASV_183
CTCGTGTCGTGAGATGTTGGGTTAAGTCCCGCAACGAGCGCAACCCCTATCTTCTGTTACCAGCACGTAAGGGTGGGGACTCAGGAGAGACTGCCGCAGACAATGCGGAGGAAGGCGGGGATGACGTCAAGTCATCATGCCCCTTATGGCTTGGGCTACACACGTACTACAATGGCTCTTAATAGAGGGAAGCGAAGGAGCGATCCGGAGCAAACCCCAAAAACAGAGTCTCAGTTCGGATTGTAGGCTGCAACTCGCCTACATGAAGCAGGAATCGCTAGTAATCGCAGGTCAGCATACTGCGGTGAATA
>ASV_184
CTCGTGTCGTGAGATGTTGGGTTAAGTCCCGCAACGAGCGCAACCCTTGTCTTATGTTGCCAGCACGTTATGGTGGGGACTCGTGAGAGACTGCCGGGGTCAACTCGGAGGAAGGTGGGGATGACGTCAAATCATCATGCCCCTTATGTCCAGGGCTTCACACATGCTACAATGGCCGGTACAGAGGGCTGCGATGCCGTGAGGCGGAGCGAATCTCTTAAAGCCGGTCTCAGTTCGGATTGGGGTCTGCAACTCGACCCCATGAAGTCGGAGTCGCTAGTAATCGCAGATCAGCAACGCTGCGGTGAATA
>ASV_185
CTCGTGTCGTGAGATGTTGGGTTAAGTCCCGCAACGAGCGCAACCCCTATCTTATGTTGCCAGCACTTCGGGTGGGAACTCATGAGAGACTGCCGCAGACAATGCGGAGGAAGGCGGGGATGACGTCAAATCATCATGCCCCTTATGACCTGGGCTACACACGTACTACAATGGGAGTTAATAGACGGAAGCGAAACCACGAGGTGGAGCAAACCCGAGAAACACTCTCTCAGTTCGGATCGTAGGCTGCAACTCGCCTACGTGAAGTCGGAATCGCTAGTAATCGCAGGTCAGCATACTGCGGTGAATA
>ASV_186
CTCGTGCCGTGAGGTGTCGGCTTAAGTGCCATAACGAGCGCAACCCCCGTCTTCAGTTGCCATCGGGTTATGCCGGGCACTCTGGAGATACTGCCACCGCAAGGTGCGAGGAAGGTGGGGATGACGTCAAATCAGCACGGCCCTTACGTCCGGGGCTACACACGTGTTACAATGGCGCATACAGAGAGTCGGTGGCATGCGAATGCCATCCAATCCTCAAAGTGCGTCTCAGTTCGGACTGGGGTCTGCAACCCGACCCCACGAAGCTGGATTCGCTAGTAATCGCGCATCAGCCATGGCGCGGTGAATA
>ASV_187
CTCGTGTCGTGAGATGTTGGGTTAAGTCCCGTAACGAGCGCAACCCTTGTCCTTAGTTACCAGCACGTAATGGTGGGCACTCTAAGGAGACTGCCGGTGACAAACCGGAGGAAGGTGGGGATGACGTCAAGTCATCATGGCCCTTACGGCCAGGGCTACACACGTGCTACAATGGTCGGTACAAAGGGTTGCCAAGCCGCGAGGTGGAGCTAATCCCATAAAACCGATCGTAGTCCGGATCGCAGTCTGCAACTCGACTGCGTGAAGTCGGAATCGCTAGTAATTGTGAATCAGAATGTCACGGTGAATA
>ASV_188
CTCGTGTCGTGAGATGTTGGGTTAAGTCCCGCAACGAGCGCAACCCTTGTTGTTAGTTGCCATCATTAAGTTGGGCACTCTAACAAGACTGCCGGTGACAAACCGGAGGAAGGTGGGGATGACGTCAAATCATCATGCCCCTTATGTCTTGGGCTACACACGTGCTACAATGGTCGGTACAGAGGGCAGCAAGAGAGTGATCTTGAGCGAATCTCAAAAAGCCGATCCCAGTTCGGATTGTAGGCTGCAACTCGCCTACATGAAGTCGGAATCGCTAGTAATCGCAGGTCAGCATACTGCGGTGAATA
>ASV_189
CTCGTGTCGTGAGATGTTGGGTTAAGTCCCGCAACGAGCGCAACCCTTGTCATTAGTTGCCATCATTCAGTTGGGCACTCTAATGAGACTGCCGGTGACAAACCGGAGGAAGGTGGGGATGACGTCAAGTCCTCATGGCCCTTATGACCAGGGCTTCACACGTCATACAATGGTCGGTACAAAGGGTAGCCAAGCCGCGAGGCGGAGCCAATCTCATAAAACCGATCGTAGTCCGGATTGCACTCTGCAACTCGAGTGCATGAAGTCGGAATCGCTAGTAATCGCAGGTCAGCATACTGCGGTGAATA
>ASV_190
CTCGTGTCGTGAGATGTTGGGTTAAGTCCCGCAACGAGCGCAACCCTCGTTCCATGTTGCCAGCACGTAGTGGTGGGGACTCATGGGAGACTGCCGGGGTCAACTCGGAGGAAGGTGGGGACGACGTCAAATCATCATGCCCCTTATGTCTTGGGCTTCACGCATGCTACAATGGCCGGTACAATGGGTTGCGATACTGTGAGGTGGAGCTAATCCCAAAAAGCCGGTCTCAGTTCGGATTGGGGTCTGCAACTCGACCCCATGAAGTCGGAGTCGCTAGTAATCGCAGATCAGCAACGCTGCGGTGAATA
>ASV_191
CTCGTGTCGTGAGATGTTGGGTTAAGTCCCGCAACGAGCGCAACCCCTATCTTTTGTTGCCAGCACGTAGAGGTGGGAACTCAGAAGAGACCGCCGCAGACAATGCGGAGGAAGGTGGGGATGACGTCAAGTCATCATGCCCCTTATGACTTGGGCTACACACGTACTACAATGGGCTTTAACAAAGAGCAGCGAAACCGCGAGGTGGAGCGAAACTCAAAAACAAGCCCCCAGTTCAGATCGCAGGCTGCAACTCGCCTGCGTGAAGCAGGAATCGCTAGTAATCGCGGGTCAGCATACCGCGATGAATA
>ASV_192
CTCGTGCCGTGAGGTGTCGGCTTAAGTGCCATAACGAGCGCAACCCCTCTCTTCAGTTGCCATCAGGTGATGCTGGGCACTCTGGAGACACTGCCACCGTAAGGTGTGAGGAAGGTGGGGATGACGTCAAATCAGCACGGCCCTTACGTCCGGGGCTACACACGTGTTACAATGGCCGGTACAGAGGGATGGTGTAATGCAAATTGCATCAAATCTTGAAAGCCGGTCCCAGTTCGGACTGGGGTCTGCAACCCGACCCCACGAAGCTGGATTCGCTAGTAATCGCGCATCAGCCATGGCGCGGTGAATA
>ASV_193
CTCGTGTCGTGAGATGTTGGGTTAAGTCCCGCAACGAGCGCAACCCCTTTCGTATGTTACCATCATTAAGTTGGGGACTCATGCGATACTGCCTACGATGAGTAGGAGGAAGGTGGGGATGACGTTAAGTCATCATGCCCCTTATACGCTGGGCTACACACGTGCTACAATGGGTAGAACAGAGAGTTGCAAAGCTGTGAAGTGGAGCTAGTCTCAGAAAACTATTCTTAGTTCGGATTGTACTCTGCAACTCGAGTACATGAAGTTGGAATCGCTAGTAATCGCGAATCAGCAATGTCGCGGTGAATA
>ASV_194
CTCGTGTTGTGAAATGTTGGGTTAAGTCCCGCAACGAGCGCAACCCTTATCCTTTGTTGCCAGCGATTAGGTCGGGAACTCAAAGGAGACTGCCGGTGATAAACCGGAGGAAGGTGGGGATGACGTCAAGTCATCATGGCCCTTACGAGTAGGGCTACACACGTGCTACAATGGCGTATACAGAGGGAAGCGAGAGTGCGAGCTGGAGCGAATCTCACAAAGTACGTCTAAGTCCGGATTGGAGTCTGCAACTCGACTCCATGAAGTCGGAATCGCTAGTAATCGCAAATCAGAATGTTGCGGTGAATA
>ASV_195
CTCGTGCCGTGAGGTGTCGGCTTAAGTGCCATAACGAGCGCAACCCTTCTCCACGTTTGCCATCAGGTTAAGCTGGGCACTCCGTGGATACTGCCATCGTAAGATGTGAGGAAGGTGGGGATGACGTCAAATCAGCACGGCCCTTACGTCCGGGGCTACACACGTGTTACAATGGCCGGTACAGAGGGAAGCCACCAGGCGACTGGGCGCTGATCCATGAAAACCGGTCTCAGTTCGGACTGGAGTCTGCAACCCGACTCCACGAAGCTGGATTCGCTAGTAATCGCGCATCAGCCATGGCGCGGTGAATA
>ASV_196
CTCGTGTCGTGAGATGTTGGGTTAAGTCCCGCAACGAGCGCAACCCTTTTCCTTATTTGCCAGCACTTCGGGTGGGAACTTTAAGGATACTGCCAGTGACAAACTGGAGGAAGGCGGGGACGACGTCAAGTCATCATGGCCCTTACGACCAGGGCTACACACGTGCTACAATGGTCGGTACAAAGGGTTGCTACCTAGCGATAGGATGCTAATCTCAAAAAGCCGATCGTAGTCCGGATTGGAGTCTGCAACTCGACTCCATGAAGTCGGAATCGCTAGTAATCGCGGATCAGAATGCCGCGGTGAATA
>ASV_197
CTCGTGTCGTGAGATGTTGGGTTAAGTCCCGCAACGAGCGCAACCCTTGTCTCGTGTTGCCAGCACGTTGTGGTGGGGACTCGCGGGAGACTGCCGGGGTTAACTCGGAGGAAGGTGGGGATGACGTCAAATCATCATGCCCCTTATGTCTTGGGCTTCACGCATGCTACAATGGCCGGTACAGTGGGTTGCGATGCTGTGAGGCGGAGCGAATCCCTGAAAGCCGGTCTCAGTTCGGATCGGTGTCTGCAACTCGACACCGTGAAGTTGGAGTCGCTAGTAATCGCAGATCAGCAGCGCTGCGGTGAATA
>ASV_198
CTCGTGCCGTGAGGTGTCGGCTTAAGTGCCATAACGAGCGCAACCCCTCTCTTCAGTTGCCATCAGGTTAAGCTGGGCACTCTGGAGACACTGCCACCGTAAGGTGTGAGGAAGGTGGGGATGACGTCAAATCAGCACGGCCCTTACGTCCGGGGCTACACACGTGTTACAATGGCCGGTACAGAGGGATGGTGTAATGCAAATTGCATCAAATCTTGAAAGCCGGTCCCAGTTCGGACTGGGGTCTGCAACCCGACCCCACGAAGCTGGATTCGCTAGTAATCGCGCATCAGCCATGGCGCGGTGAATA
>ASV_199
CTCGTGCCGTGAGGTGTCGGCTTAAGTGCCATAACGAGCGCAACCCCTCTCTTCAGTTGCCATCAGGTAGTGCTGGGCACTCTGGAGACACTGCCACCGTAAGGTGTGAGGAAGGTGGGGATGACGTCAAATCAGCACGGCCCTTACGTCCGGGGCTACACACGTGTTACAATGGCCGGTACAGAGGGATGGTGTAATGCAAATTGCATCAAATCTTGAAAGCCGGTCCCAGTTCGGACTGGGGTCTGCAACCCGACCCCACGAAGCTGGATTCGCTAGTAATCGCGCATCAGCCATGGCGCGGTGAATA
>ASV_200
CTCGTGTCGTGAGATGTTGGGTTAAGTCCCGCAACGAGCGCAACCCCTATCGCTAGTTGCCATCATTAAGTTGGGGACTCTAGCGAGACTGCCTGCGAAGAGCAGGAGGAAGGTGGGGATGACGTCAAGTCATCATGCCCCTTATGATCTGGGCTACACACGTGCTACAATGGCCGGTACAAAGAGCTGCAAAACGGTAACGTTTAGCCAATCTTTAAAGCCGGTCCAAGTTCGGATTGAAGTCTGCAACTCGACTTCATGAAGCCGGAATCGCTAGTAATCGCAGATCAGCAATGCTGCGGTGAATA
>ASV_201
CTCGTGCCGTGAGGTGTTGGGTTAAGTCCCGCAACGAGCGCAACCCCTACTGCCAGTTACTAACAGGTAAAGCTTGAGGACTCTGGCGGAACTGCCGATGACAAATCGGAGGAAGGTGGGGATGACGTCAAGTCATCATGGCCCTTATGTCCAGGGCTACACACGTGCTACAATGGTTGCTACAAAGCGACGCGAGACCGTAAGGTGGAGCAAACCGCAAAAAAGCAATCGTAGTTCGGATTGAAGTCTGAAACTCGACTTCATGAAGTTGGAATCGCTAGTAATCGCGCATCAGCACGGCGCGGTGAATA
>ASV_202
CTCGTGCCGTGAGGTGTCAGGTTAAGTCCTATAACGAGCGCAACCCCTATTGTTAGTTACCAGCACGTCATGGTGGGGACTCTAGCAAGACTGCCGGTGTAAACCGTGAGGAAGGTGGGGATGACGTCAAATCATCACGGCCCTTACATCTTGGGCTACACACGTGCTACAATGGTCGTTACAGAGAGCAGCCACTGCGTGAGCAGGAGCGAATCTATAAAGACGGTCACAGTTCGGATCGGAGTCTGCAACTCGACTCCGTGAAGCTGGAATCGCTAGTAATCGGATATCAGCCATGATCCGGTGAATA
>ASV_203
CTCGTGTCGTGAGATGTTGGGTTAAGTCCCGCAACGAGCGCAACCCTTGTCCTTAGTTACCAGCGGTTTGGCCGGGAACTCTAAGGATACTGCCAGTGACAAACTGGAGGAAGGCGGGGACGACGTCAAGTCATCATGGCCCTTACGACCAGGGCTACACACGTGCTACAATGGTAGGTACAGAGGGCAGCTACACAGCGATGTGATGCGAATCTCAAAAAGCCTATCGTAGTCCAGATTGGAGTCTGCAACTCGACTCCATGAAGTAGGAATCGCTAGTAATCGCGGATCAGAATGCCGCGGTGAATA
>ASV_204
CTCGTGCCGTGAGGTGTCAGGTTAAGTCCTATAACGAGCGCAACCCCTATTGTTAGTTACCAGCACGTCATGGTGGGGACTCTAGCAGGACTGCCGGTGTAAACCGTGAGGAAGGTGGGGATGACGTCAAATCATCACGGCCCTTACATCTTGGGCTACACACGTGCTACAATGGTCGTTACAGAGAGCAGCCACTGCGTGAGCAGGAGCGAATCTATAAAGACGGTCACAGTTCGGATCGGAGTCTGCAACTCGACTCCGTGAAGCTGGAATCGCTAGTAATCGGATATCAGCCATGATCCGGTGAATA
>ASV_205
CTCGTGTTGTGAAATGTTGGGTTAAGTCCCGCAACGAGCGCAACCCTTATCCTTTGTTGCCAGCGATTCGGTCGGGAACTCAAAGGAGACTGCCGGTGATAAACCGGAGGAAGGTGGGGATGACGTCAAGTCATCATGGCCCTTACGAGTAGGGCTACACACGTGCTACAATGGCGTATACAGAGGGTGACGAAGCCGCGAGGTGGAGTGAATCTCAGAAAGTACGTCTAAGTCCGGATTGGAGTCTGCAACTCGACTCCATGAAGTCGGAATCGCTAGTAATCGCGAATCAGAATGTCGCGGTGAATA
>ASV_206
CTCGTGCCGTGAGGTGTCGGCTCAAGTGCCATAACGAGCGCAACCCCTCTCCGTAGTTGCCATCGGGTCATGCCGGGCACTCTTCGGACACTGCCGCCGCAAGGTGTGAGGAAGGTGGGGATGACGTCAAATCAGCACGGCCCTTACGTCCGGGGCTACACACGTGTTACAATGGCCGGTACAGAGAGTCGTCCGGGCGCGAGCCCGGCCCAATCCCTAAATCCGGCCTCAGTTCGGACTGGGGTCTGCAACCCGACCCCACGAAGCTGGATTCGCTAGTAATCGCGCATCAGCCATGGCGCGGTGAATA
>ASV_207
CTCGTGTCGTGAGATGTTGGGTTAAGTCCCGCAACGAGCGCAACCCTTGTCCTATGTTGCCAGCACGTAAAGGTGGGGACTCATGGGAGACTGCCGGGGTCAACTCGGAGGAAGGTGGGGATGACGTCAAATCATCATGCCCCTTATGTCTTGGGCTTCACGCATGCTACAATGGCCGGTACAGTGGGTTGCGATACTGTGAGGTGGAGCTAATCCCTAAAAGCCGGTCTCAGTTCGGATCGAAGTCTGCAACTCGACTTCGTGAAGTTGGAGTCGCTAGTAATCGCAGATCAGCAACGCTGCGGTGAATA
>ASV_208
CTCGTGCCGTGAGGTGTCGGCTTAAGTGCCATAACGAGCGCAACCCCTGTCTTTAGTTGCCATCAGGTTAAGCTGGGCACTCTGGAGATACTGCCACCGTAAGGTGTGAGGAAGGTGGGGATGACGTCAAATCAGCACGGCCCTTACGTCCGGGGCTACACACGTGTTACAATGGCCGGTACAGAGGGACGGTGTAATGTAAATTGCATCCAATCTTGAAAGCCGGTCCCAGTTCGGACTGGGGTCTGCAACCCGACCCCACGAAGCTGGATTCGCTAGTAATCGCGCATCAGCCATGGCGCGGTGAATA
>ASV_209
CTCGTGCCGTGAGGTGTTGGGTTAAGTCCCGCAACGAGCGCAACCCCTACTGCCAGTTACTAACAGGTAAAGCTTGAGGACTCTGGCGGAACTGCCGATGACAAATCGGAGGAAGGTGGGGATGACGTCAAGTCATCATGGCCCTTATGTCCAGGGCTACACACGTGCTACAATGGTTGCTACAAAGCGAAGCGAGGCCGTAAGGCGGAGCAAACCGCAAAAAAGCAATCGTAGTTCGGATTGAAGTCTGAAACTCGACTTCATGAAGTTGGAATCGCTAGTAATCGCGCATCAGCACGGCGCGGTGAATA
>ASV_210
CTCGTGCCGTGAGGTGTCGGCTTAAGTGCCATAACGAGCGCAACCCCTTTTCTTAGTTGCCATCAGGTAATGCTGGGCACTCTGGGAACACTGCCACCGCAAGGTGTGAGGAAGGTGGGGATGACGTCAAATCAGCACGGCCCTTACGTCCGGGGCTACACACGTGTTACAATGGCCGGTACAGAGGGAGGGTGTAATGTAAATTGCATCAAATCTTAAAAGCCGGTCCCAGTTCGGACTGAGGTCTGCAACCCGACCTCACGAAGCTGGATTCGCTAGTAATCGCGCATCAGCCATGGCGCGGTGAATA
>ASV_211
CTCGTGTCGTGAGATGTTGGGTTAAGTCCCGCAACGAGCGCAACCCTTGCCACTAATTGCCATCATTTAGTTGGGCACTTTAGTGGGACTGCCGGTGACAAACCGGAGGAAGGTGGGGATGACGTCAAGTCCTCATGGCCCTTATGACCAGGGCTTCACACGTCATACAATGGTCGGTTCAGAGGGTAGCCAAGTCGCGAGGCGGAGCCAATCCCAGAAAGCCGATCGTAGTCCGGATTGCAGTCTGCAACTCGACTGCATGAAGTCGGAATCGCTAGTAATCGCGGATCAGCATGTCGCGGTGAATA
>ASV_212
CTCGTGTCGTGAGATGTTGGGTTAAGTCCCGCAACGAGCGCAACCCCTATCTTATGTTGCCAGCACGTTATGGTGGGAACTCATGAGAGACTGCCGCAGACAATGCGGAGGAAGGCGGGGATGACGTCAAATCATCATGCCCCTTATGACCTGGGCTACACACGTACTACAATGGGAGTTAATAGACGGAAGCGAAACCGCGAGGTGGAGCAAACCCGAGAAACACTCTCTCAGTTCGGATCGTAGGCTGCAACTCGCCTACGTGAAGTCGGAATCGCTAGTAATCGCAGGTCAGCATACTGCGGTGAATA
>ASV_213
CTCGTGTCGTGAGATGTTAGGTTAAGTCCTTCAACGAGCGCAACCCTTGCAAGTAGTTGTATTTTTCTACTTGGACTGCCCCGGTAACGGGGAGGAAGGAGGGGATGATGTCAGGTCAGTATTTCCCTTACGTCCTGGGCTAGAAACGTAATACAATGGCTAGTACAATGCGCAGCGAAGCCGCGAGGTGAAGCAAATCGCATCAAAGCTAGTCCCAGTTCGGATTGGAGGCTGAAACTCGCCTCCATGAAGTCGGAATCGCTAGTAATCGCAAATCAGCAAGTTGCGGTGAATA
>ASV_214
CTCGTGTCGTGAGATGTTGGGTTAAGTCCCGCAACGAGCGCAACCCTCGTCCTATGTTGCCAGCGGGTTATGCCGGGAACTCATGGGAGACTGCCGGGGTCAACTCGGAGGAAGGTGGGGATGACGTCAAGTCATCATGCCCCTTATGTCCAGGGCTTCACGCATGCTACAATGGCTGGTACAAAGTGTTGCGATCCCGTGAGGGTGAGCGAATCACGTAAAGCCAGTCTCAGTTCGGATTGGGGTCTGCAACTCGACCCCATGAAGTCGGAGTCGCTAGTAATCGCAGATCAGCATTGCTGCGGTGAATA
>ASV_215
CTCGTGTCGTGAGATGTTGGGTTAAGTCCCGCAACGAGCGCAACCCTTGTCCCGTGTTGCCAGCACGTTGTGGTGGGGACTCGCGGGAGACTGCCGGGGTCAACTCGGAGGAAGGTGGGGATGACGTCAAATCATCATGCCCCTTATGTCTTGGGCTTCACGCATGCTACAATGGCCGGTACAGAGGGTTGCGATACTGTGAGGTGGAGCTAATCCCTTAAAGCTGGTCTCAGTTCGGATTGGTGTCTGCAACTCGACACCATGAAGGTGGAGTCGCTAGTAATCGCAGATCAGCAACGCTGCGGTGAATA
>ASV_216
CTCGTGTCGTGAGATGTTGGGTTAAGTCCCGTAACGAGCGCAACCCTTGTCCTTAGTTACCAGCACGTTATGGTGGGCACTCTAAGGAGACTGCCGGTGACAAACCGGAGGAAGGTGGGGATGACGTCAAGTCATCATGGCCCTTACGGCCTGGGCTACACACGTGCTACAATGGTCGGTACAGAGGGTTGCCAAGCCGCGAGGTGGAGCTAATCTCACAAAACCGATCGTAGTCCGGATCGCAGTCTGCAACTCGACTGCGTGAAGTCGGAATCGCTAGTAATCGCGAATCAGAATGTCGCGGTGAATA
>ASV_217
CTCGTGCCGTGAGGTGTTAGGTTAAGTCCTGCAACGAGCGCAACCCCTGTCACTAGTTGCTAACATTTAGTTGAGGACTCTAGTGAGACTGCCTACGCAAGTAGAGAGGAAGGTGGGGATGACGTCAAATCATCACGGCCCTTACGTCTTGGGCCACACACGTAATACAATGGCCGGTACAGAGGGCAGCTACCAGGTGACTGGATGCAAATCTCGAAAGCCGGTCTCAGTTCGGATTGGAGTCTGCAACTCGACTCTATGAAGCTGGAATCGCTAGTAATCGCGAATCAGCCATGGCGCGGTGAATA
>ASV_218
CTCGTGCCGTGAGGTGTCGGCTTAAGTGCCATAACGAGCGCAACCCCTTTTCTTAGTTGCCATCAGGTCATGCTGGGCACTCTGGGAATACTGCCACCGTAAGGTGTGAGGAAGGTGGGGATGACGTCAAATCAGCACGGCCCTTACGTCCGGGGCTACACACGTGTTACAATGGCCGGTACAGAGGGCAGGTTGCATGTAAATGCGATCGAATCTTAAAAGCCGGTCCCAGTTCGGACTGAGGTCTGCAACCCGACCTCACGAAGCTGGATTCGCTAGTAATCGCGCATCAGCCATGGCGCGGTGAATA
>ASV_219
CTCGTGCCGTGAGGTGTCGGCTTAAGTGCCATAACGAGCGCAACCCTTTTCCTTGGTTGCCATCAGGTAATGCTGGGCACTCCATGGATACTGCCATCGTAAGATGTGAGGAAGGTGGGGATGACGTCAAATCAGCACGGCCCTTACGTCCGGGGCTACACACGTGTTACAATGGGAGGTACAGAAGGTCGCTACCTAGTGATAGGATGCTAATCTTAAAAACCTCTCTCAGTTCGGATTGGAGTCTGCAACCCGACTCCATGAAGCTGGATTCGCTAGTAATCGCGCATCAGCCATGGCGCGGTGAATA
>ASV_220
CTCGTGTCGTGAGATGTTGGGTTAAGTCCCGCAACGAGCGCAACCCTTGTCTTATGTTGCCAGCATTTGGTTGGGGACTCATGAGAGACTGCCGGGGTTAACTCGGAGGAAGGTGGGGATGACGTCAAATCATCATGCCCCTTATGTCCAGGGCTTCACACATGCTACAATGGTCGGTACAATGCGCTGCGACACTGTGAGGTGGAGCGAATCGCTGAAAGCCGGTCTTAGTTCGGATTGGGGTCTGCAACTCGACCCCATGAAGTCGGAGTCGCTAGTAATCGCAGATCAGCAATGCTGCGGTGAATA
>ASV_221
CTCGTGTCGTGAGATGTTCGGTTAAGTCCGGCAACGAGCGCAACCCACGTCCCCAGTTGCCAGCATTCAGTTGGGCACTCTGTGGAAACTGCCGGTGATAAGCCGGAGGAAGGTGTGGATGACGTCAAGTCCTCATGGCCCTTACGGGTTGGGCTACACACGTGCTACAATGGTGGTGACAGTGGGTTAATCCCCAAAAGCCATCTCAGTTCGGATTGGGGTCTGCAACTCGACCCCATGAAGTTGGAATCGCTAGTAATCGCGGAACAGCACGCCGCGGTGAATA
>ASV_222
CTCGTGCCGTGAGGTGTTAGGTTAAGTCCTGCAACGAGCGCAACCCCTGTCACTAGTTGCCATCATTAAGTTGGGGACTCTAGTGAGACTGCCTGCGCAAGCAGAGAGGAAGGTGGGGATGACGTCAAATCATCACGGCCCTTACGTCTTGGGCCACACACGTAATACAATGGCCGGTACAGAGGGCAGCTACTATGTGAATAGATGCGAATCTCGAAAGCCGGTCTCAGTTCGGATTGGAGTCTGCAACTCGACTCTATGAAGCTGGAATCGCTAGTAATCGCGCATCAGCCATGGCGCGGTGAATA
>ASV_223
CTCGTGTCGTGAGATGTTGGGTTAAGTCCCGCAACGAGCGCAACCCCTATCGTTAGTTGCCATCATTAAGTTGGGGACTCTGGCGAGACTGCCTGCGAAGAGCAGGAGGAAGGTGGGGATGACGTCAAGTCATCATGCCCCTTATGATCTGGGCTACACACGTGCTACAATGGCCGGTACAGAGAGCTGCAAGGCGGCAACGCCAAGCGAATCTTTAAAGCTGGTCCAAGTTCGGATTGAAGTCTGCAACTCGACTTCATGAAGCTGGAATCGCTAGTAATCGCAGATCAGCAATGCTGCGGTGAATA
>ASV_224
CTCGTGCCGTGAGGTGTTGGGTTAAGTCCCGCAACGAGCGCAACCCCTACTGCCAGTTACTAACAGGTAAAGCTTGAGGACTCTGGCGGAACTGCCGATGACAAATCGGAGGAAGGTGGGGATGACGTCAAGTCATCATGGCCCTTATGTCCAGGGCTACACACGTGCTACAATGGTTGCTACAAAGCGAAGCGAGACCGTAAGGTGGAGCAAACCGCAAAAAAGCAATCGTAGTTCGGATTGAAGTCTGAAACTCGACTTCATGAAGTTGGAATCGCTAGTAATCGCGCATCAGCACGGCGCGGTGAATA
>ASV_225
CTCGTGTCGTGAGATGTTTGGTCAAGTCCTGCAACGAGCGCAACCCCTATCTTTAGTTACTAACGAGTCATGTCGAGGACTCTAGAGATACTGCCTGGGTAACTGGGAGGAAGGTGGGGATGACGTCAAATCATCATGCCTCTTACGAGTGGGGCAACACACGTGCTACAATGGTCGGTACAAAGAGACGCAATACGGTGACGTGGAGCAAATCTCAAAAAGCCGATCTCAGTTCGGATTGAAGTCTGCAATTCGACTTCATGAAGTCGGAATCGCTAGTAATCGCAGATCAGCTATGCTGCGGTGAATA
>ASV_226
CTCGTGTCGTGAGATGTTGGGTTAAGTCCCGCAACGAGCGCAACCCTCGCTGTTAGTTGCCACCATTTAGTTGGGCACTCTAACAGGACTGCCGGAGTTAATCCGGAGGAAGGCGGGGATGACGTCAAGTCCTCATGGCCCTTACAAGGTGGGCTACACACGTGCTACAATGGCGACTACAGAGGGCTGCAAGTCAGCGATGATGAGCCAATCCCTAAAAGTCGTCTCAGTTCGGATTGTTCTCTGCAACTCGAGAGCATGAAGTCGGAATCGCTAGTAATCGCGGATCAGCATGCCGCGGTGAATA
>ASV_227
CTCGTGCCGTGAGGTGTTGGGTTAAGTCCCGCAACGAGCGCAACCCCTACTGCCAGTTACTAACAGGTGAAGCTGAGGACTCTGGCGGAACTGCCGGTGACAAACCGGAGGAAGGTGGGGATGACGTCAAGTCATCATGGCCCTTATGTCCAGGACTACACACGTGCTACAATGGTAGGAACAAAGTGAAGCGAAGCTGCAAAGCGGAGCAAAACGCAAAAAAGCTATCGTAGTTCGGATTGGAGTCTGAAACTCGACTCCATGAAGTTGGAATCGCTAGTAATCGCATATCAGCACGATGCGGTGAATA
>ASV_228
CTCGTGTCGTGAGATGTTGGGTTAAGTCCCGCAACGAGCGCAACCCTTGTCTTATGTTGCCAGCACATTTTTGGTGGGGACTCATGAGAAACTGCCGGGGTCAACTCGGAGGAAGGTGGGGATGACGTCAAATCATCATGCCCTTTATACCCAGGGCTTCACACATGCTACAATGGTCGGTACAACGGGTTGCGACACTGTGAAGTGAAGCTAATCTCTTAAAGCCGGCCTCAGTTCGGATTGGGGTCTGCAACTCGACCCCATGAAGTCGGAGTCGCTAGTAATCGCAGATCAGCAACGCTGCGGTGAATA
>ASV_229
CTCGTGCCGTAAGATGTTGGGTTAAGTCCCGCAACGAGCGCAACCCTCGTGTTTAGTTGCCAGCATTTAGTTTGGAACCCTGAACAGACTGCCGGTGATAAGCCGGAGGAAGGTGAGGATGACGTCAAGTCATCATGCCCCTTACGCCCTGGGCGACACACGTGCTACAATGACCGGGACAAAGGGTCGCGACCCCGCGAGGGCAAGCTAACCTCAAAAACCCGGCCTCAGTTCGGATTGCAGGCTGCAACTCGCCTGCATGAAGCCGGAATCGCTAGTAATCGCCGGTCAGCCATACGGCGGTGAATC
>ASV_230
CTCGTGTCGTGAGATGTTGGGTTAAGTCCCGCAACGAGCGCAACCCTTTTCCTTATTTGCCAGCGGGTTAAGCCGGGAACTTTAAGGATACTGCCAGTGACAAACTGGAGGAAGGCGGGGACGACGTCAAGTCATCATGGCCCTTACGACCAGGGCTACACACGTGCTACAATGGTAGGTACAGAGGGTTGCTACACAGCGATGTGATGCTAATCTCAAAAAGCCTATCGTAGTCCGGATTGGAGTCTGCAACTCGACTCCATGAAGTCGGAATCGCTAGTAATCGCGGATCAGAATGCCGCGGTGAATA
>ASV_231
CTCGTGCCGTGAGGTGTTGGGTTAAGTCCCGCAACGAGCGCAACCCCTACTGCCAGTTACCAGCGCGTAAAGGCGGGGACTCTGGCGGAACTGCCTGCGACAAGCAGGAGGAAGGTGGGGATGACGTCAAGTCATCATGGCCCTTATGTCCAGGGCTACACACGTGCTACAATGGTTGGGACAGAGCGAAGCGAGTGCGAGAGTACAAGCAGAACGCAGAAATCCGATCGTAGTCCGGATTGGAGTCTGAAACTCGACTCCATGAAGTTGGAATCGCTAGTAATCGCACATCAGCACGGTGCGGTGAATA
